Component: ARM Compiler 5.06 update 6 (build 750) Tool: armlink [4d35ed]

==============================================================================

Section Cross References

    main.o(i.Init) refers to misc.o(i.NVIC_PriorityGroupConfig) for NVIC_PriorityGroupConfig
    main.o(i.Init) refers to delay.o(i.delay_init) for delay_init
    main.o(i.Init) refers to led.o(i.LED_Init) for LED_Init
    main.o(i.Init) refers to key.o(i.KEY_Init) for KEY_Init
    main.o(i.Init) refers to lcd_init.o(i.LCD_Init) for LCD_Init
    main.o(i.Init) refers to usart.o(i.uart_init) for uart_init
    main.o(i.Init) refers to usart2.o(i.uart2_init) for uart2_init
    main.o(i.Init) refers to usart3.o(i.usart3_init) for usart3_init
    main.o(i.Init) refers to rtc.o(i.RTC_Init) for RTC_Init
    main.o(i.Init) refers to lcd.o(i.LCD_Fill) for LCD_Fill
    main.o(i.Init) refers to myiic.o(i.IIC_Init) for IIC_Init
    main.o(i.Init) refers to main.o(i.LCD_display) for LCD_display
    main.o(i.Init) refers to delay.o(i.delay_ms) for delay_ms
    main.o(i.Init) refers to stm32f10x_tim.o(i.TIM_Cmd) for TIM_Cmd
    main.o(i.Init) refers to timer.o(i.TIM4_Int_Init) for TIM4_Int_Init
    main.o(i.Init) refers to timer.o(i.TIM2_Int_Init) for TIM2_Int_Init
    main.o(i.Init) refers to common.o(.data) for t_se
    main.o(i.KEY) refers to key.o(i.key_scanf) for key_scanf
    main.o(i.KEY) refers to stm32f10x_tim.o(i.TIM_Cmd) for TIM_Cmd
    main.o(i.LCD_display) refers to lcd.o(i.LCD_ShowString) for LCD_ShowString
    main.o(i.LCD_display) refers to lcd.o(i.LCD_Fill) for LCD_Fill
    main.o(i.LCD_display) refers to lcd.o(i.LCD_ShowChinese) for LCD_ShowChinese
    main.o(i.LCD_display) refers to main.o(.bss) for place_p
    main.o(i.main) refers to main.o(i.Init) for Init
    main.o(i.main) refers to aht20.o(i.AHT20_Init) for AHT20_Init
    main.o(i.main) refers to lcd.o(i.LCD_ShowIntNum) for LCD_ShowIntNum
    main.o(i.main) refers to main.o(i.KEY) for KEY
    main.o(i.main) refers to aht20.o(i.AHT20_ReadHT) for AHT20_ReadHT
    main.o(i.main) refers to aht20.o(i.StandardUnitCon) for StandardUnitCon
    main.o(i.main) refers to ffixu.o(x$fpl$ffixu) for __aeabi_f2uiz
    main.o(i.main) refers to common.o(i.connectwifi2) for connectwifi2
    main.o(i.main) refers to main.o(i.wifi_cmd) for wifi_cmd
    main.o(i.main) refers to main.o(.bss) for AHT20
    main.o(i.main) refers to rtc.o(.bss) for calendar
    main.o(i.wifi_cmd) refers to _printf_percent.o(.ARM.Collect$$_printf_percent$$00000000) for _printf_percent
    main.o(i.wifi_cmd) refers to _printf_s.o(.ARM.Collect$$_printf_percent$$00000014) for _printf_s
    main.o(i.wifi_cmd) refers to _printf_str.o(.text) for _printf_str
    main.o(i.wifi_cmd) refers to _scanf_int.o(.text) for _scanf_int
    main.o(i.wifi_cmd) refers to _printf_d.o(.ARM.Collect$$_printf_percent$$00000009) for _printf_d
    main.o(i.wifi_cmd) refers to _printf_dec.o(.text) for _printf_int_dec
    main.o(i.wifi_cmd) refers to usart3.o(i.res_data) for res_data
    main.o(i.wifi_cmd) refers to __2printf.o(.text) for __2printf
    main.o(i.wifi_cmd) refers to strchr.o(.text) for strchr
    main.o(i.wifi_cmd) refers to strncpy.o(.text) for strncpy
    main.o(i.wifi_cmd) refers to strcmpv7m.o(.text) for strcmp
    main.o(i.wifi_cmd) refers to strcpy.o(.text) for strcpy
    main.o(i.wifi_cmd) refers to __0sscanf.o(.text) for __0sscanf
    main.o(i.wifi_cmd) refers to stm32f10x_bkp.o(i.BKP_WriteBackupRegister) for BKP_WriteBackupRegister
    main.o(i.wifi_cmd) refers to rtc.o(i.RTC_Init) for RTC_Init
    main.o(i.wifi_cmd) refers to strstr.o(.text) for strstr
    main.o(i.wifi_cmd) refers to lcd.o(i.LCD_Fill) for LCD_Fill
    main.o(i.wifi_cmd) refers to main.o(i.LCD_display) for LCD_display
    main.o(i.wifi_cmd) refers to stm32f10x_tim.o(i.TIM_Cmd) for TIM_Cmd
    main.o(i.wifi_cmd) refers to main.o(.bss) for Data
    main.o(i.wifi_cmd) refers to common.o(.data) for t_se
    main.o(i.wifi_cmd) refers to usart3.o(.data) for USART3_RX_STA
    main.o(i.wifi_cmd) refers to rtc.o(.bss) for calendar
    system_stm32f10x.o(i.SetSysClock) refers to system_stm32f10x.o(i.SetSysClockTo72) for SetSysClockTo72
    system_stm32f10x.o(i.SystemCoreClockUpdate) refers to system_stm32f10x.o(.data) for SystemCoreClock
    system_stm32f10x.o(i.SystemInit) refers to system_stm32f10x.o(i.SetSysClock) for SetSysClock
    wdg.o(i.IWDG_Feed) refers to stm32f10x_iwdg.o(i.IWDG_ReloadCounter) for IWDG_ReloadCounter
    wdg.o(i.IWDG_Init) refers to stm32f10x_iwdg.o(i.IWDG_WriteAccessCmd) for IWDG_WriteAccessCmd
    wdg.o(i.IWDG_Init) refers to stm32f10x_iwdg.o(i.IWDG_SetPrescaler) for IWDG_SetPrescaler
    wdg.o(i.IWDG_Init) refers to stm32f10x_iwdg.o(i.IWDG_SetReload) for IWDG_SetReload
    wdg.o(i.IWDG_Init) refers to stm32f10x_iwdg.o(i.IWDG_ReloadCounter) for IWDG_ReloadCounter
    wdg.o(i.IWDG_Init) refers to stm32f10x_iwdg.o(i.IWDG_Enable) for IWDG_Enable
[...]
    .bss                                     0x200003a8   Section      800  usart3.o(.bss)
    .bss                                     0x200006c8   Section       10  rtc.o(.bss)
    .bss                                     0x200006d8   Section      400  usart2.o(.bss)
    .bss                                     0x20000868   Section      200  usart.o(.bss)
    .bss                                     0x20000930   Section       96  libspace.o(.bss)
    HEAP                                     0x20000990   Section      512  startup_stm32f10x_md.o(HEAP)
    Heap_Mem                                 0x20000990   Data         512  startup_stm32f10x_md.o(HEAP)
    STACK                                    0x20000b90   Section     1024  startup_stm32f10x_md.o(STACK)
    Stack_Mem                                0x20000b90   Data        1024  startup_stm32f10x_md.o(STACK)
    __initial_sp                             0x20000f90   Data           0  startup_stm32f10x_md.o(STACK)

    Global Symbols

    Symbol Name                              Value     Ov Type        Size  Object(Section)

    BuildAttributes$$THM_ISAv4$P$D$K$B$S$PE$A:L22UL41UL21$X:L11$S22US41US21$IEEE1$IW$USESV6$~STKCKD$USESV7$~SHL$OTIME$ROPI$IEEEJ$EBA8$UX$STANDARDLIB$REQ8$PRES8$EABIv2 0x00000000   Number         0  anon$$obj.o ABSOLUTE
    __ARM_use_no_argv                        0x00000000   Number         0  main.o ABSOLUTE
    _printf_flags                            0x00000000   Number         0  printf_stubs.o ABSOLUTE
    _printf_return_value                     0x00000000   Number         0  printf_stubs.o ABSOLUTE
    _printf_sizespec                         0x00000000   Number         0  printf_stubs.o ABSOLUTE
    _printf_widthprec                        0x00000000   Number         0  printf_stubs.o ABSOLUTE
    __ARM_exceptions_init                     - Undefined Weak Reference
    __alloca_initialize                       - Undefined Weak Reference
    __arm_preinit_                            - Undefined Weak Reference
    __cpp_initialize__aeabi_                  - Undefined Weak Reference
    __cxa_finalize                            - Undefined Weak Reference
    __sigvec_lookup                           - Undefined Weak Reference
    _atexit_init                              - Undefined Weak Reference
    _call_atexit_fns                          - Undefined Weak Reference
    _clock_init                               - Undefined Weak Reference
    _fp_trap_init                             - Undefined Weak Reference
    _fp_trap_shutdown                         - Undefined Weak Reference
    _get_lc_collate                           - Undefined Weak Reference
    _get_lc_monetary                          - Undefined Weak Reference
    _get_lc_time                              - Undefined Weak Reference
    _getenv_init                              - Undefined Weak Reference
    _handle_redirection                       - Undefined Weak Reference
    _init_alloc                               - Undefined Weak Reference
    _init_user_alloc                          - Undefined Weak Reference
    _initio                                   - Undefined Weak Reference
    _mutex_acquire                            - Undefined Weak Reference
    _mutex_release                            - Undefined Weak Reference
    _printf_fp_hex                            - Undefined Weak Reference
    _printf_mbtowc                            - Undefined Weak Reference
    _printf_wc                                - Undefined Weak Reference
    _rand_init                                - Undefined Weak Reference
    _scanf_longlong                           - Undefined Weak Reference
    _scanf_mbtowc                             - Undefined Weak Reference
    _scanf_real                               - Undefined Weak Reference
    _scanf_string                             - Undefined Weak Reference
    _scanf_wctomb                             - Undefined Weak Reference
    _scanf_wstring                            - Undefined Weak Reference
    _signal_finish                            - Undefined Weak Reference
    _signal_init                              - Undefined Weak Reference
    _terminate_alloc                          - Undefined Weak Reference
    _terminate_user_alloc                     - Undefined Weak Reference
    _terminateio                              - Undefined Weak Reference
    __Vectors_Size                           0x000000ec   Number         0  startup_stm32f10x_md.o ABSOLUTE
    __Vectors                                0x08000000   Data           4  startup_stm32f10x_md.o(RESET)
    __Vectors_End                            0x080000ec   Data           0  startup_stm32f10x_md.o(RESET)
    __main                                   0x080000ed   Thumb Code     8  __main.o(!!!main)
    __scatterload                            0x080000f5   Thumb Code     0  __scatter.o(!!!scatter)
    __scatterload_rt2                        0x080000f5   Thumb Code    44  __scatter.o(!!!scatter)
    __scatterload_rt2_thumb_only             0x080000f5   Thumb Code     0  __scatter.o(!!!scatter)
    __scatterload_null                       0x08000103   Thumb Code     0  __scatter.o(!!!scatter)
    __scatterload_copy                       0x08000129   Thumb Code    26  __scatter_copy.o(!!handler_copy)
    __scatterload_zeroinit                   0x08000145   Thumb Code    28  __scatter_zi.o(!!handler_zi)
    _printf_n                                0x08000161   Thumb Code     0  _printf_n.o(.ARM.Collect$$_printf_percent$$00000001)
    _printf_percent                          0x08000161   Thumb Code     0  _printf_percent.o(.ARM.Collect$$_printf_percent$$00000000)
    _printf_p                                0x08000167   Thumb Code     0  _printf_p.o(.ARM.Collect$$_printf_percent$$00000002)
    _printf_f                                0x0800016d   Thumb Code     0  _printf_f.o(.ARM.Collect$$_printf_percent$$00000003)
    _printf_e                                0x08000173   Thumb Code     0  _printf_e.o(.ARM.Collect$$_printf_percent$$00000004)
    _printf_g                                0x08000179   Thumb Code     0  _printf_g.o(.ARM.Collect$$_printf_percent$$00000005)
    _printf_a                                0x0800017f   Thumb Code     0  _printf_a.o(.ARM.Collect$$_printf_percent$$00000006)
    _printf_ll                               0x08000185   Thumb Code     0  _printf_ll.o(.ARM.Collect$$_printf_percent$$00000007)
    _printf_i                                0x0800018f   Thumb Code     0  _printf_i.o(.ARM.Collect$$_printf_percent$$00000008)
    _printf_d                                0x08000195   Thumb Code     0  _printf_d.o(.ARM.Collect$$_printf_percent$$00000009)
    _printf_u                                0x0800019b   Thumb Code     0  _printf_u.o(.ARM.Collect$$_printf_percent$$0000000A)
    _printf_o                                0x080001a1   Thumb Code     0  _printf_o.o(.ARM.Collect$$_printf_percent$$0000000B)
    _printf_x                                0x080001a7   Thumb Code     0  _printf_x.o(.ARM.Collect$$_printf_percent$$0000000C)
    _printf_lli                              0x080001ad   Thumb Code     0  _printf_lli.o(.ARM.Collect$$_printf_percent$$0000000D)
    _printf_lld                              0x080001b3   Thumb Code     0  _printf_lld.o(.ARM.Collect$$_printf_percent$$0000000E)
    _printf_llu                              0x080001b9   Thumb Code     0  _printf_llu.o(.ARM.Collect$$_printf_percent$$0000000F)
    _printf_llo                              0x080001bf   Thumb Code     0  _printf_llo.o(.ARM.Collect$$_printf_percent$$00000010)
    _printf_llx                              0x080001c5   Thumb Code     0  _printf_llx.o(.ARM.Collect$$_printf_percent$$00000011)
    _printf_l                                0x080001cb   Thumb Code     0  _printf_l.o(.ARM.Collect$$_printf_percent$$00000012)
    _printf_c                                0x080001d5   Thumb Code     0  _printf_c.o(.ARM.Collect$$_printf_percent$$00000013)
    _printf_s                                0x080001db   Thumb Code     0  _printf_s.o(.ARM.Collect$$_printf_percent$$00000014)
    _printf_lc                               0x080001e1   Thumb Code     0  _printf_lc.o(.ARM.Collect$$_printf_percent$$00000015)
    _printf_ls                               0x080001e7   Thumb Code     0  _printf_ls.o(.ARM.Collect$$_printf_percent$$00000016)
    _printf_percent_end                      0x080001ed   Thumb Code     0  _printf_percent_end.o(.ARM.Collect$$_printf_percent$$00000017)
    __rt_lib_init                            0x080001f1   Thumb Code     0  libinit.o(.ARM.Collect$$libinit$$00000000)
    __rt_lib_init_fp_1                       0x080001f3   Thumb Code     0  libinit2.o(.ARM.Collect$$libinit$$00000002)
    __rt_lib_init_heap_1                     0x080001f3   Thumb Code     0  libinit2.o(.ARM.Collect$$libinit$$0000000A)
    __rt_lib_init_lc_common                  0x080001f3   Thumb Code     0  libinit2.o(.ARM.Collect$$libinit$$0000000F)
    __rt_lib_init_preinit_1                  0x080001f3   Thumb Code     0  libinit2.o(.ARM.Collect$$libinit$$00000004)
    __rt_lib_init_rand_1                     0x080001f3   Thumb Code     0  libinit2.o(.ARM.Collect$$libinit$$0000000E)
    __rt_lib_init_user_alloc_1               0x080001f3   Thumb Code     0  libinit2.o(.ARM.Collect$$libinit$$0000000C)
    __rt_lib_init_lc_collate_1               0x080001f9   Thumb Code     0  libinit2.o(.ARM.Collect$$libinit$$00000011)
    __rt_lib_init_lc_ctype_2                 0x080001f9   Thumb Code     0  libinit2.o(.ARM.Collect$$libinit$$00000012)
    __rt_lib_init_lc_ctype_1                 0x08000205   Thumb Code     0  libinit2.o(.ARM.Collect$$libinit$$00000013)
    __rt_lib_init_lc_monetary_1              0x08000205   Thumb Code     0  libinit2.o(.ARM.Collect$$libinit$$00000015)
    __rt_lib_init_lc_numeric_2               0x08000205   Thumb Code     0  libinit2.o(.ARM.Collect$$libinit$$00000016)
    __rt_lib_init_alloca_1                   0x0800020f   Thumb Code     0  libinit2.o(.ARM.Collect$$libinit$$0000002E)
    __rt_lib_init_argv_1                     0x0800020f   Thumb Code     0  libinit2.o(.ARM.Collect$$libinit$$0000002C)
    __rt_lib_init_atexit_1                   0x0800020f   Thumb Code     0  libinit2.o(.ARM.Collect$$libinit$$0000001B)
    __rt_lib_init_clock_1                    0x0800020f   Thumb Code     0  libinit2.o(.ARM.Collect$$libinit$$00000021)
    __rt_lib_init_cpp_1                      0x0800020f   Thumb Code     0  libinit2.o(.ARM.Collect$$libinit$$00000032)
    __rt_lib_init_exceptions_1               0x0800020f   Thumb Code     0  libinit2.o(.ARM.Collect$$libinit$$00000030)
    __rt_lib_init_fp_trap_1                  0x0800020f   Thumb Code     0  libinit2.o(.ARM.Collect$$libinit$$0000001F)
    __rt_lib_init_getenv_1                   0x0800020f   Thumb Code     0  libinit2.o(.ARM.Collect$$libinit$$00000023)
    __rt_lib_init_lc_numeric_1               0x0800020f   Thumb Code     0  libinit2.o(.ARM.Collect$$libinit$$00000017)
    __rt_lib_init_lc_time_1                  0x0800020f   Thumb Code     0  libinit2.o(.ARM.Collect$$libinit$$00000019)
    __rt_lib_init_return                     0x0800020f   Thumb Code     0  libinit2.o(.ARM.Collect$$libinit$$00000033)
    __rt_lib_init_signal_1                   0x0800020f   Thumb Code     0  libinit2.o(.ARM.Collect$$libinit$$0000001D)
    __rt_lib_init_stdio_1                    0x0800020f   Thumb Code     0  libinit2.o(.ARM.Collect$$libinit$$00000025)
    __rt_lib_shutdown                        0x08000211   Thumb Code     0  libshutdown.o(.ARM.Collect$$libshutdown$$00000000)
    __rt_lib_shutdown_cpp_1                  0x08000213   Thumb Code     0  libshutdown2.o(.ARM.Collect$$libshutdown$$00000002)
    __rt_lib_shutdown_fp_trap_1              0x08000213   Thumb Code     0  libshutdown2.o(.ARM.Collect$$libshutdown$$00000007)
    __rt_lib_shutdown_heap_1                 0x08000213   Thumb Code     0  libshutdown2.o(.ARM.Collect$$libshutdown$$0000000F)
    __rt_lib_shutdown_return                 0x08000213   Thumb Code     0  libshutdown2.o(.ARM.Collect$$libshutdown$$00000010)
    __rt_lib_shutdown_signal_1               0x08000213   Thumb Code     0  libshutdown2.o(.ARM.Collect$$libshutdown$$0000000A)
    __rt_lib_shutdown_stdio_1                0x08000213   Thumb Code     0  libshutdown2.o(.ARM.Collect$$libshutdown$$00000004)
    __rt_lib_shutdown_user_alloc_1           0x08000213   Thumb Code     0  libshutdown2.o(.ARM.Collect$$libshutdown$$0000000C)
    __rt_entry                               0x08000215   Thumb Code     0  __rtentry.o(.ARM.Collect$$rtentry$$00000000)
    __rt_entry_presh_1                       0x08000215   Thumb Code     0  __rtentry2.o(.ARM.Collect$$rtentry$$00000002)
    __rt_entry_sh                            0x08000215   Thumb Code     0  __rtentry4.o(.ARM.Collect$$rtentry$$00000004)
    __rt_entry_li                            0x0800021b   Thumb Code     0  __rtentry2.o(.ARM.Collect$$rtentry$$0000000A)
    __rt_entry_postsh_1                      0x0800021b   Thumb Code     0  __rtentry2.o(.ARM.Collect$$rtentry$$00000009)
    __rt_entry_main                          0x0800021f   Thumb Code     0  __rtentry2.o(.ARM.Collect$$rtentry$$0000000D)
    __rt_entry_postli_1                      0x0800021f   Thumb Code     0  __rtentry2.o(.ARM.Collect$$rtentry$$0000000C)
    __rt_exit                                0x08000227   Thumb Code     0  rtexit.o(.ARM.Collect$$rtexit$$00000000)
    __rt_exit_ls                             0x08000229   Thumb Code     0  rtexit2.o(.ARM.Collect$$rtexit$$00000003)
    __rt_exit_prels_1                        0x08000229   Thumb Code     0  rtexit2.o(.ARM.Collect$$rtexit$$00000002)
    __rt_exit_exit                           0x0800022d   Thumb Code     0  rtexit2.o(.ARM.Collect$$rtexit$$00000004)
    Reset_Handler                            0x08000235   Thumb Code     8  startup_stm32f10x_md.o(.text)
    ADC1_2_IRQHandler                        0x0800024f   Thumb Code     0  startup_stm32f10x_md.o(.text)
    CAN1_RX1_IRQHandler                      0x0800024f   Thumb Code     0  startup_stm32f10x_md.o(.text)
    CAN1_SCE_IRQHandler                      0x0800024f   Thumb Code     0  startup_stm32f10x_md.o(.text)
    DMA1_Channel1_IRQHandler                 0x0800024f   Thumb Code     0  startup_stm32f10x_md.o(.text)
    DMA1_Channel2_IRQHandler                 0x0800024f   Thumb Code     0  startup_stm32f10x_md.o(.text)
    DMA1_Channel3_IRQHandler                 0x0800024f   Thumb Code     0  startup_stm32f10x_md.o(.text)
    DMA1_Channel4_IRQHandler                 0x0800024f   Thumb Code     0  startup_stm32f10x_md.o(.text)
    DMA1_Channel5_IRQHandler                 0x0800024f   Thumb Code     0  startup_stm32f10x_md.o(.text)
    DMA1_Channel6_IRQHandler                 0x0800024f   Thumb Code     0  startup_stm32f10x_md.o(.text)
    DMA1_Channel7_IRQHandler                 0x0800024f   Thumb Code     0  startup_stm32f10x_md.o(.text)
    EXTI0_IRQHandler                         0x0800024f   Thumb Code     0  startup_stm32f10x_md.o(.text)
    EXTI15_10_IRQHandler                     0x0800024f   Thumb Code     0  startup_stm32f10x_md.o(.text)
    EXTI1_IRQHandler                         0x0800024f   Thumb Code     0  startup_stm32f10x_md.o(.text)
    EXTI2_IRQHandler                         0x0800024f   Thumb Code     0  startup_stm32f10x_md.o(.text)
    EXTI3_IRQHandler                         0x0800024f   Thumb Code     0  startup_stm32f10x_md.o(.text)
    EXTI4_IRQHandler                         0x0800024f   Thumb Code     0  startup_stm32f10x_md.o(.text)
    EXTI9_5_IRQHandler                       0x0800024f   Thumb Code     0  startup_stm32f10x_md.o(.text)
    FLASH_IRQHandler                         0x0800024f   Thumb Code     0  startup_stm32f10x_md.o(.text)
    I2C1_ER_IRQHandler                       0x0800024f   Thumb Code     0  startup_stm32f10x_md.o(.text)
    I2C1_EV_IRQHandler                       0x0800024f   Thumb Code     0  startup_stm32f10x_md.o(.text)
    I2C2_ER_IRQHandler                       0x0800024f   Thumb Code     0  startup_stm32f10x_md.o(.text)
    I2C2_EV_IRQHandler                       0x0800024f   Thumb Code     0  startup_stm32f10x_md.o(.text)
    PVD_IRQHandler                           0x0800024f   Thumb Code     0  startup_stm32f10x_md.o(.text)
    RCC_IRQHandler                           0x0800024f   Thumb Code     0  startup_stm32f10x_md.o(.text)
    RTCAlarm_IRQHandler                      0x0800024f   Thumb Code     0  startup_stm32f10x_md.o(.text)
    SPI1_IRQHandler                          0x0800024f   Thumb Code     0  startup_stm32f10x_md.o(.text)
    SPI2_IRQHandler                          0x0800024f   Thumb Code     0  startup_stm32f10x_md.o(.text)
    TAMPER_IRQHandler                        0x0800024f   Thumb Code     0  startup_stm32f10x_md.o(.text)
    TIM1_BRK_IRQHandler                      0x0800024f   Thumb Code     0  startup_stm32f10x_md.o(.text)
    TIM1_CC_IRQHandler                       0x0800024f   Thumb Code     0  startup_stm32f10x_md.o(.text)
    TIM1_TRG_COM_IRQHandler                  0x0800024f   Thumb Code     0  startup_stm32f10x_md.o(.text)
    TIM1_UP_IRQHandler                       0x0800024f   Thumb Code     0  startup_stm32f10x_md.o(.text)
    USBWakeUp_IRQHandler                     0x0800024f   Thumb Code     0  startup_stm32f10x_md.o(.text)
    USB_HP_CAN1_TX_IRQHandler                0x0800024f   Thumb Code     0  startup_stm32f10x_md.o(.text)
    USB_LP_CAN1_RX0_IRQHandler               0x0800024f   Thumb Code     0  startup_stm32f10x_md.o(.text)
    WWDG_IRQHandler                          0x0800024f   Thumb Code     0  startup_stm32f10x_md.o(.text)
    __user_initial_stackheap                 0x08000251   Thumb Code     0  startup_stm32f10x_md.o(.text)
    __use_no_semihosting                     0x08000275   Thumb Code     2  use_no_semi_2.o(.text)
    __c89vsprintf                            0x08000279   Thumb Code    32  c89vsprintf.o(.text)
    __2printf                                0x0800029d   Thumb Code    20  __2printf.o(.text)
    _printf_str                              0x080002b5   Thumb Code    82  _printf_str.o(.text)
    _printf_int_dec                          0x08000309   Thumb Code   104  _printf_dec.o(.text)
    __printf                                 0x08000381   Thumb Code   388  __printf_flags_ss_wp.o(.text)
    __0sscanf                                0x08000509   Thumb Code    52  __0sscanf.o(.text)
    _scanf_int                               0x08000545   Thumb Code   332  _scanf_int.o(.text)
    strchr                                   0x08000691   Thumb Code    20  strchr.o(.text)
    strstr                                   0x080006a5   Thumb Code    36  strstr.o(.text)
    strlcpy                                  0x080006c9   Thumb Code   142  strlcpy.o(.text)
    strcpy                                   0x08000757   Thumb Code    72  strcpy.o(.text)
    strlen                                   0x0800079f   Thumb Code    62  strlen.o(.text)
    __aeabi_memclr                           0x080007dd   Thumb Code     0  rt_memclr.o(.text)
    __rt_memclr                              0x080007dd   Thumb Code    68  rt_memclr.o(.text)
    _memset                                  0x080007e1   Thumb Code     0  rt_memclr.o(.text)
    strncpy                                  0x08000821   Thumb Code    86  strncpy.o(.text)
    strcmp                                   0x08000879   Thumb Code   128  strcmpv7m.o(.text)
    __use_two_region_memory                  0x080008f9   Thumb Code     2  heapauxi.o(.text)
    __rt_heap_escrow$2region                 0x080008fb   Thumb Code     2  heapauxi.o(.text)
    __rt_heap_expand$2region                 0x080008fd   Thumb Code     2  heapauxi.o(.text)
    __I$use$semihosting                      0x080008ff   Thumb Code     0  use_no_semi.o(.text)
    __use_no_semihosting_swi                 0x080008ff   Thumb Code     2  use_no_semi.o(.text)
    _printf_pre_padding                      0x08000901   Thumb Code    44  _printf_pad.o(.text)
    _printf_post_padding                     0x0800092d   Thumb Code    34  _printf_pad.o(.text)
    _printf_truncate_signed                  0x0800094f   Thumb Code    18  _printf_truncate.o(.text)
    _printf_truncate_unsigned                0x08000961   Thumb Code    18  _printf_truncate.o(.text)
    _printf_int_common                       0x08000973   Thumb Code   178  _printf_intcommon.o(.text)
    _printf_charcount                        0x08000a25   Thumb Code    40  _printf_charcount.o(.text)
    _printf_char_common                      0x08000a57   Thumb Code    32  _printf_char_common.o(.text)
    _sputc                                   0x08000a7d   Thumb Code    10  _sputc.o(.text)
    _printf_cs_common                        0x08000a87   Thumb Code    20  _printf_char.o(.text)
    _printf_char                             0x08000a9b   Thumb Code    16  _printf_char.o(.text)
    _printf_string                           0x08000aab   Thumb Code     8  _printf_char.o(.text)
    _printf_char_file                        0x08000ab5   Thumb Code    32  _printf_char_file.o(.text)
    _printf_wctomb                           0x08000ad9   Thumb Code   182  _printf_wctomb.o(.text)
    _printf_longlong_dec                     0x08000b95   Thumb Code   108  _printf_longlong_dec.o(.text)
    _printf_longlong_oct                     0x08000c11   Thumb Code    66  _printf_oct_int_ll.o(.text)
    _printf_int_oct                          0x08000c53   Thumb Code    24  _printf_oct_int_ll.o(.text)
    _printf_ll_oct                           0x08000c6b   Thumb Code    12  _printf_oct_int_ll.o(.text)
    _printf_longlong_hex                     0x08000c81   Thumb Code    86  _printf_hex_int_ll_ptr.o(.text)
    _printf_int_hex                          0x08000cd7   Thumb Code    28  _printf_hex_int_ll_ptr.o(.text)
    _printf_ll_hex                           0x08000cf3   Thumb Code    12  _printf_hex_int_ll_ptr.o(.text)
    _printf_hex_ptr                          0x08000cff   Thumb Code    18  _printf_hex_int_ll_ptr.o(.text)
    _chval                                   0x08000d15   Thumb Code    28  _chval.o(.text)
    __vfscanf_char                           0x08000d3d   Thumb Code    24  scanf_char.o(.text)
    _sgetc                                   0x08000d5d   Thumb Code    30  _sgetc.o(.text)
    _sbackspace                              0x08000d7b   Thumb Code    34  _sgetc.o(.text)
    __aeabi_memclr4                          0x08000d9d   Thumb Code     0  rt_memclr_w.o(.text)
    __aeabi_memclr8                          0x08000d9d   Thumb Code     0  rt_memclr_w.o(.text)
    __rt_memclr_w                            0x08000d9d   Thumb Code    78  rt_memclr_w.o(.text)
    _memset_w                                0x08000da1   Thumb Code     0  rt_memclr_w.o(.text)
    _ll_udiv10                               0x08000deb   Thumb Code   138  lludiv10.o(.text)
    isspace                                  0x08000e75   Thumb Code    18  isspace.o(.text)
    __lib_sel_fp_printf                      0x08000e87   Thumb Code     2  _printf_fp_dec.o(.text)
    _printf_fp_dec_real                      0x08001039   Thumb Code   620  _printf_fp_dec.o(.text)
    _printf_lcs_common                       0x080012a5   Thumb Code    20  _printf_wchar.o(.text)
    _printf_wchar                            0x080012b9   Thumb Code    16  _printf_wchar.o(.text)
    _printf_wstring                          0x080012c9   Thumb Code     8  _printf_wchar.o(.text)
    __vfscanf                                0x080012d1   Thumb Code   878  _scanf.o(.text)
    ferror                                   0x08001645   Thumb Code     8  ferror.o(.text)
    _wcrtomb                                 0x0800164d   Thumb Code    64  _wcrtomb.o(.text)
    __user_setup_stackheap                   0x0800168d   Thumb Code    74  sys_stackheap_outer.o(.text)
    __rt_ctype_table                         0x080016d9   Thumb Code    16  rt_ctype_table.o(.text)
    __rt_locale                              0x080016e9   Thumb Code     8  rt_locale_intlibspace.o(.text)
    _printf_fp_infnan                        0x080016f1   Thumb Code   112  _printf_fp_infnan.o(.text)
    _btod_etento                             0x08001771   Thumb Code   224  bigflt0.o(.text)
    exit                                     0x08001855   Thumb Code    18  exit.o(.text)
    __user_libspace                          0x08001869   Thumb Code     8  libspace.o(.text)
    __user_perproc_libspace                  0x08001869   Thumb Code     0  libspace.o(.text)
    __user_perthread_libspace                0x08001869   Thumb Code     0  libspace.o(.text)
    _btod_d2e                                0x08001871   Thumb Code    62  btod.o(CL$$btod_d2e)
    _d2e_denorm_low                          0x080018af   Thumb Code    70  btod.o(CL$$btod_d2e_denorm_low)
    _d2e_norm_op1                            0x080018f5   Thumb Code    96  btod.o(CL$$btod_d2e_norm_op1)
    __btod_div_common                        0x08001955   Thumb Code   696  btod.o(CL$$btod_div_common)
    _e2e                                     0x08001c8d   Thumb Code   220  btod.o(CL$$btod_e2e)
    _btod_ediv                               0x08001d69   Thumb Code    42  btod.o(CL$$btod_ediv)
    _btod_emul                               0x08001d93   Thumb Code    42  btod.o(CL$$btod_emul)
    __btod_mult_common                       0x08001dbd   Thumb Code   580  btod.o(CL$$btod_mult_common)
    AHT20_Init                               0x0800201d   Thumb Code    88  aht20.o(i.AHT20_Init)
    AHT20_ReadHT                             0x0800208f   Thumb Code   120  aht20.o(i.AHT20_ReadHT)
    BKP_DeInit                               0x08002147   Thumb Code    16  stm32f10x_bkp.o(i.BKP_DeInit)
    BKP_ReadBackupRegister                   0x08002159   Thumb Code    24  stm32f10x_bkp.o(i.BKP_ReadBackupRegister)
    BKP_WriteBackupRegister                  0x08002175   Thumb Code    22  stm32f10x_bkp.o(i.BKP_WriteBackupRegister)
    BusFault_Handler                         0x08002191   Thumb Code     4  stm32f10x_it.o(i.BusFault_Handler)
    DebugMon_Handler                         0x08002195   Thumb Code     2  stm32f10x_it.o(i.DebugMon_Handler)
    GPIO_Init                                0x08002197   Thumb Code   278  stm32f10x_gpio.o(i.GPIO_Init)
    GPIO_ReadInputDataBit                    0x080022ad   Thumb Code    18  stm32f10x_gpio.o(i.GPIO_ReadInputDataBit)
    GPIO_ResetBits                           0x080022bf   Thumb Code     4  stm32f10x_gpio.o(i.GPIO_ResetBits)
    GPIO_SetBits                             0x080022c3   Thumb Code     4  stm32f10x_gpio.o(i.GPIO_SetBits)
    HardFault_Handler                        0x080022c7   Thumb Code     4  stm32f10x_it.o(i.HardFault_Handler)
    IIC_Ack                                  0x080022cd   Thumb Code    66  myiic.o(i.IIC_Ack)
    IIC_Init                                 0x0800231d   Thumb Code    50  myiic.o(i.IIC_Init)
    IIC_NAck                                 0x08002355   Thumb Code    66  myiic.o(i.IIC_NAck)
    IIC_Read_Byte                            0x080023a5   Thumb Code    98  myiic.o(i.IIC_Read_Byte)
    IIC_Send_Byte                            0x08002415   Thumb Code    90  myiic.o(i.IIC_Send_Byte)
    IIC_Start                                0x0800247d   Thumb Code    64  myiic.o(i.IIC_Start)
    IIC_Stop                                 0x080024c9   Thumb Code    56  myiic.o(i.IIC_Stop)
    IIC_Wait_Ack                             0x0800250d   Thumb Code    86  myiic.o(i.IIC_Wait_Ack)
    Init                                     0x08002571   Thumb Code   176  main.o(i.Init)
    Is_Leap_Year                             0x08002631   Thumb Code    58  rtc.o(i.Is_Leap_Year)
    KEY                                      0x0800266b   Thumb Code    30  main.o(i.KEY)
    KEY_Init                                 0x08002689   Thumb Code    38  key.o(i.KEY_Init)
    LCD_Address_Set                          0x080026b5   Thumb Code    58  lcd_init.o(i.LCD_Address_Set)
    LCD_DrawPoint                            0x080026ef   Thumb Code    28  lcd.o(i.LCD_DrawPoint)
    LCD_Fill                                 0x0800270b   Thumb Code    74  lcd.o(i.LCD_Fill)
    LCD_GPIO_Init                            0x08002755   Thumb Code    46  lcd_init.o(i.LCD_GPIO_Init)
    LCD_Init                                 0x08002789   Thumb Code   500  lcd_init.o(i.LCD_Init)
    LCD_ShowChar                             0x08002981   Thumb Code   328  lcd.o(i.LCD_ShowChar)
    LCD_ShowChinese                          0x08002ad9   Thumb Code   140  lcd.o(i.LCD_ShowChinese)
    LCD_ShowChinese12x12                     0x08002b65   Thumb Code   322  lcd.o(i.LCD_ShowChinese12x12)
    LCD_ShowChinese16x16                     0x08002cad   Thumb Code   306  lcd.o(i.LCD_ShowChinese16x16)
    LCD_ShowChinese24x24                     0x08002de5   Thumb Code   322  lcd.o(i.LCD_ShowChinese24x24)
    LCD_ShowChinese32x32                     0x08002f2d   Thumb Code   306  lcd.o(i.LCD_ShowChinese32x32)
    LCD_ShowIntNum                           0x08003065   Thumb Code   150  lcd.o(i.LCD_ShowIntNum)
    LCD_ShowString                           0x080030fb   Thumb Code    66  lcd.o(i.LCD_ShowString)
    LCD_WR_DATA                              0x0800313d   Thumb Code    18  lcd_init.o(i.LCD_WR_DATA)
    LCD_WR_DATA8                             0x0800314f   Thumb Code    12  lcd_init.o(i.LCD_WR_DATA8)
    LCD_WR_REG                               0x0800315d   Thumb Code    28  lcd_init.o(i.LCD_WR_REG)
    LCD_Writ_Bus                             0x0800317d   Thumb Code    78  lcd_init.o(i.LCD_Writ_Bus)
    LCD_display                              0x080031d1   Thumb Code   638  main.o(i.LCD_display)
    LED_Init                                 0x080034b9   Thumb Code    84  led.o(i.LED_Init)
    MemManage_Handler                        0x08003511   Thumb Code     4  stm32f10x_it.o(i.MemManage_Handler)
    NMI_Handler                              0x08003515   Thumb Code     2  stm32f10x_it.o(i.NMI_Handler)
    NVIC_Init                                0x08003519   Thumb Code   100  misc.o(i.NVIC_Init)
    NVIC_PriorityGroupConfig                 0x08003589   Thumb Code    10  misc.o(i.NVIC_PriorityGroupConfig)
    PWR_BackupAccessCmd                      0x0800359d   Thumb Code     6  stm32f10x_pwr.o(i.PWR_BackupAccessCmd)
    PendSV_Handler                           0x080035a9   Thumb Code     2  stm32f10x_it.o(i.PendSV_Handler)
    RCC_APB1PeriphClockCmd                   0x080035ad   Thumb Code    26  stm32f10x_rcc.o(i.RCC_APB1PeriphClockCmd)
    RCC_APB1PeriphResetCmd                   0x080035cd   Thumb Code    26  stm32f10x_rcc.o(i.RCC_APB1PeriphResetCmd)
    RCC_APB2PeriphClockCmd                   0x080035ed   Thumb Code    26  stm32f10x_rcc.o(i.RCC_APB2PeriphClockCmd)
    RCC_APB2PeriphResetCmd                   0x0800360d   Thumb Code    26  stm32f10x_rcc.o(i.RCC_APB2PeriphResetCmd)
    RCC_BackupResetCmd                       0x0800362d   Thumb Code     6  stm32f10x_rcc.o(i.RCC_BackupResetCmd)
    RCC_GetClocksFreq                        0x08003639   Thumb Code   192  stm32f10x_rcc.o(i.RCC_GetClocksFreq)
    RCC_GetFlagStatus                        0x0800370d   Thumb Code    56  stm32f10x_rcc.o(i.RCC_GetFlagStatus)
    RCC_LSEConfig                            0x08003749   Thumb Code    46  stm32f10x_rcc.o(i.RCC_LSEConfig)
    RCC_RTCCLKCmd                            0x0800377d   Thumb Code     6  stm32f10x_rcc.o(i.RCC_RTCCLKCmd)
    RCC_RTCCLKConfig                         0x08003789   Thumb Code    12  stm32f10x_rcc.o(i.RCC_RTCCLKConfig)
    RTC_ClearITPendingBit                    0x08003799   Thumb Code    12  stm32f10x_rtc.o(i.RTC_ClearITPendingBit)
    RTC_EnterConfigMode                      0x080037a9   Thumb Code    14  stm32f10x_rtc.o(i.RTC_EnterConfigMode)
    RTC_ExitConfigMode                       0x080037bd   Thumb Code    16  stm32f10x_rtc.o(i.RTC_ExitConfigMode)
    RTC_Get                                  0x080037d1   Thumb Code   288  rtc.o(i.RTC_Get)
    RTC_GetCounter                           0x08003909   Thumb Code    16  stm32f10x_rtc.o(i.RTC_GetCounter)
    RTC_GetITStatus                          0x0800391d   Thumb Code    32  stm32f10x_rtc.o(i.RTC_GetITStatus)
    RTC_IRQHandler                           0x08003941   Thumb Code    44  rtc.o(i.RTC_IRQHandler)
    RTC_ITConfig                             0x0800396d   Thumb Code    26  stm32f10x_rtc.o(i.RTC_ITConfig)
    RTC_Init                                 0x0800398d   Thumb Code   202  rtc.o(i.RTC_Init)
    RTC_Set                                  0x08003a79   Thumb Code   184  rtc.o(i.RTC_Set)
    RTC_SetCounter                           0x08003b41   Thumb Code    24  stm32f10x_rtc.o(i.RTC_SetCounter)
    RTC_SetPrescaler                         0x08003b5d   Thumb Code    26  stm32f10x_rtc.o(i.RTC_SetPrescaler)
    RTC_WaitForLastTask                      0x08003b7d   Thumb Code    16  stm32f10x_rtc.o(i.RTC_WaitForLastTask)
    RTC_WaitForSynchro                       0x08003b91   Thumb Code    30  stm32f10x_rtc.o(i.RTC_WaitForSynchro)
    SVC_Handler                              0x08003bb5   Thumb Code     2  stm32f10x_it.o(i.SVC_Handler)
    Soft_I2C_Read                            0x08003ca1   Thumb Code   116  myiic.o(i.Soft_I2C_Read)
    Soft_I2C_Write                           0x08003d15   Thumb Code    96  myiic.o(i.Soft_I2C_Write)
    StandardUnitCon                          0x08003d75   Thumb Code   162  aht20.o(i.StandardUnitCon)
    SysTick_CLKSourceConfig                  0x08003e35   Thumb Code    40  misc.o(i.SysTick_CLKSourceConfig)
    SysTick_Handler                          0x08003e5d   Thumb Code     2  stm32f10x_it.o(i.SysTick_Handler)
    SystemInit                               0x08003e61   Thumb Code    78  system_stm32f10x.o(i.SystemInit)
    TIM2_IRQHandler                          0x08003ec1   Thumb Code   914  timer.o(i.TIM2_IRQHandler)
    TIM2_Int_Init                            0x08004295   Thumb Code   102  timer.o(i.TIM2_Int_Init)
    TIM3_IRQHandler                          0x080042fd   Thumb Code    42  timer.o(i.TIM3_IRQHandler)
    TIM3_Int_Init                            0x08004331   Thumb Code    80  timer.o(i.TIM3_Int_Init)
    TIM4_IRQHandler                          0x08004385   Thumb Code    96  timer.o(i.TIM4_IRQHandler)
    TIM4_Int_Init                            0x080043f9   Thumb Code    98  timer.o(i.TIM4_Int_Init)
    TIM_ClearITPendingBit                    0x08004461   Thumb Code     6  stm32f10x_tim.o(i.TIM_ClearITPendingBit)
    TIM_Cmd                                  0x08004467   Thumb Code    24  stm32f10x_tim.o(i.TIM_Cmd)
    TIM_GetITStatus                          0x0800447f   Thumb Code    34  stm32f10x_tim.o(i.TIM_GetITStatus)
    TIM_ITConfig                             0x080044a1   Thumb Code    18  stm32f10x_tim.o(i.TIM_ITConfig)
    TIM_SetCounter                           0x080044b3   Thumb Code     4  stm32f10x_tim.o(i.TIM_SetCounter)
    TIM_TimeBaseInit                         0x080044b9   Thumb Code   122  stm32f10x_tim.o(i.TIM_TimeBaseInit)
    USART1_IRQHandler                        0x0800455d   Thumb Code   122  usart.o(i.USART1_IRQHandler)
    USART2_IRQHandler                        0x080045e5   Thumb Code   122  usart2.o(i.USART2_IRQHandler)
    USART2_SendData                          0x0800466d   Thumb Code    42  usart2.o(i.USART2_SendData)
    USART3_IRQHandler                        0x0800469d   Thumb Code    96  usart3.o(i.USART3_IRQHandler)
    USART_Cmd                                0x0800470d   Thumb Code    24  stm32f10x_usart.o(i.USART_Cmd)
    USART_DeInit                             0x08004725   Thumb Code   134  stm32f10x_usart.o(i.USART_DeInit)
    USART_GetFlagStatus                      0x080047c1   Thumb Code    26  stm32f10x_usart.o(i.USART_GetFlagStatus)
    USART_GetITStatus                        0x080047db   Thumb Code    84  stm32f10x_usart.o(i.USART_GetITStatus)
    USART_ITConfig                           0x0800482f   Thumb Code    74  stm32f10x_usart.o(i.USART_ITConfig)
    USART_Init                               0x08004879   Thumb Code   210  stm32f10x_usart.o(i.USART_Init)
    USART_ReceiveData                        0x08004951   Thumb Code    10  stm32f10x_usart.o(i.USART_ReceiveData)
    USART_SendData                           0x0800495b   Thumb Code     8  stm32f10x_usart.o(i.USART_SendData)
    UsageFault_Handler                       0x08004963   Thumb Code     4  stm32f10x_it.o(i.UsageFault_Handler)
    __ARM_fpclassify                         0x08004967   Thumb Code    40  fpclassify.o(i.__ARM_fpclassify)
    _is_digit                                0x0800498f   Thumb Code    14  __printf_wp.o(i._is_digit)
    _sys_exit                                0x0800499d   Thumb Code     6  usart.o(i._sys_exit)
    atk_8266_check_cmd                       0x080049a5   Thumb Code    44  common.o(i.atk_8266_check_cmd)
    atk_8266_send_cmd                        0x080049d9   Thumb Code    84  common.o(i.atk_8266_send_cmd)
    connectwifi2                             0x08004a39   Thumb Code   504  common.o(i.connectwifi2)
    delay_init                               0x08004d0d   Thumb Code    50  delay.o(i.delay_init)
    delay_ms                                 0x08004d51   Thumb Code    72  delay.o(i.delay_ms)
    delay_us                                 0x08004d9d   Thumb Code    72  delay.o(i.delay_us)
    fputc                                    0x08004de9   Thumb Code    24  usart.o(i.fputc)
    key_scanf                                0x08004e05   Thumb Code    74  key.o(i.key_scanf)
    main                                     0x08004e59   Thumb Code   308  main.o(i.main)
    mypow                                    0x08004f99   Thumb Code    22  lcd.o(i.mypow)
    res_data                                 0x08004fb1   Thumb Code    62  usart3.o(i.res_data)
    u3_printf                                0x08004ffd   Thumb Code    72  usart3.o(i.u3_printf)
    uart2_init                               0x0800504d   Thumb Code   156  usart2.o(i.uart2_init)
    uart_init                                0x080050f1   Thumb Code   152  usart.o(i.uart_init)
    usart3_init                              0x08005191   Thumb Code   190  usart3.o(i.usart3_init)
    wifi_cmd                                 0x08005261   Thumb Code   662  main.o(i.wifi_cmd)
    _get_lc_numeric                          0x08005639   Thumb Code    44  lc_numeric_c.o(locale$$code)
    _get_lc_ctype                            0x08005665   Thumb Code    44  lc_ctype_c.o(locale$$code)
    __aeabi_d2f                              0x08005691   Thumb Code     0  d2f.o(x$fpl$d2f)
    _d2f                                     0x08005691   Thumb Code    98  d2f.o(x$fpl$d2f)
    __aeabi_dadd                             0x080056f5   Thumb Code     0  daddsub_clz.o(x$fpl$dadd)
    _dadd                                    0x080056f5   Thumb Code   332  daddsub_clz.o(x$fpl$dadd)
    __aeabi_ddiv                             0x08005845   Thumb Code     0  ddiv.o(x$fpl$ddiv)
    _ddiv                                    0x08005845   Thumb Code   552  ddiv.o(x$fpl$ddiv)
    __aeabi_ui2d                             0x08005af5   Thumb Code     0  dflt_clz.o(x$fpl$dfltu)
    _dfltu                                   0x08005af5   Thumb Code    38  dflt_clz.o(x$fpl$dfltu)
    __aeabi_dmul                             0x08005b1d   Thumb Code     0  dmul.o(x$fpl$dmul)
    _dmul                                    0x08005b1d   Thumb Code   332  dmul.o(x$fpl$dmul)
    __fpl_dnaninf                            0x08005c71   Thumb Code   156  dnaninf.o(x$fpl$dnaninf)
    __fpl_dretinf                            0x08005d0d   Thumb Code    12  dretinf.o(x$fpl$dretinf)
    __aeabi_dsub                             0x08005d19   Thumb Code     0  daddsub_clz.o(x$fpl$dsub)
    _dsub                                    0x08005d19   Thumb Code   464  daddsub_clz.o(x$fpl$dsub)
    __fpl_fcmp_Inf                           0x08005eed   Thumb Code    24  fcmpi.o(x$fpl$fcmpinf)
    __aeabi_f2uiz                            0x08005f05   Thumb Code     0  ffixu.o(x$fpl$ffixu)
    _ffixu                                   0x08005f05   Thumb Code    62  ffixu.o(x$fpl$ffixu)
    __aeabi_cfcmple                          0x08005f45   Thumb Code     0  fleqf.o(x$fpl$fleqf)
    _fcmple                                  0x08005f45   Thumb Code   104  fleqf.o(x$fpl$fleqf)
    __fpl_fcmple_InfNaN                      0x08005f97   Thumb Code     0  fleqf.o(x$fpl$fleqf)
    __fpl_fnaninf                            0x08005fad   Thumb Code   140  fnaninf.o(x$fpl$fnaninf)
    __fpl_fretinf                            0x08006039   Thumb Code    10  fretinf.o(x$fpl$fretinf)
    __aeabi_cfrcmple                         0x08006043   Thumb Code     0  frleqf.o(x$fpl$frleqf)
    _frcmple                                 0x08006043   Thumb Code    98  frleqf.o(x$fpl$frleqf)
    _printf_fp_dec                           0x080060a5   Thumb Code     4  printf1.o(x$fpl$printf1)
    __I$use$fp                               0x080060a8   Number         0  usenofp.o(x$fpl$usenofp)
    ascii_1206                               0x080060a8   Data        1140  lcd.o(.constdata)
    ascii_1608                               0x0800651c   Data        1520  lcd.o(.constdata)
    ascii_2412                               0x08006b0c   Data        4560  lcd.o(.constdata)
    ascii_3216                               0x08007cdc   Data        6080  lcd.o(.constdata)
    tfont12                                  0x0800949c   Data         130  lcd.o(.constdata)
    tfont16                                  0x0800951e   Data        1292  lcd.o(.constdata)
    tfont24                                  0x08009a2a   Data         370  lcd.o(.constdata)
    tfont32                                  0x08009b9c   Data         650  lcd.o(.constdata)
    table_week                               0x08009e26   Data          12  rtc.o(.constdata)
    mon_table                                0x08009e32   Data          12  rtc.o(.constdata)
    Region$$Table$$Base                      0x08009f14   Number         0  anon$$obj.o(Region$$Table)
    Region$$Table$$Limit                     0x08009f34   Number         0  anon$$obj.o(Region$$Table)
    __ctype                                  0x08009f5d   Data           0  lc_ctype_c.o(locale$$data)
    SystemCoreClock                          0x20000000   Data           4  system_stm32f10x.o(.data)
    AHBPrescTable                            0x20000004   Data          16  system_stm32f10x.o(.data)
    USART3_RX_STA                            0x20000014   Data           2  usart3.o(.data)
    WiFiStatus                               0x20000018   Data           1  common.o(.data)
    t_se                                     0x2000001c   Data           4  common.o(.data)
    delay                                    0x20000020   Data           1  common.o(.data)
    t1                                       0x20000021   Data           1  timer.o(.data)
    lock_key                                 0x20000022   Data           1  timer.o(.data)
    t2                                       0x20000023   Data           1  timer.o(.data)
    voice                                    0x20000024   Data           8  rtc.o(.data)
    first                                    0x2000002c   Data           8  rtc.o(.data)
    final                                    0x20000034   Data           8  rtc.o(.data)
    USART2_RX_STA                            0x2000003e   Data           2  usart2.o(.data)
    __stdout                                 0x20000048   Data           4  usart.o(.data)
    USART_RX_STA                             0x2000004c   Data           2  usart.o(.data)
    AHT20                                    0x20000064   Data          20  main.o(.bss)
    Data                                     0x20000078   Data         100  main.o(.bss)
    wifi_IP                                  0x200000dc   Data          20  main.o(.bss)
    wifi_gateway                             0x200000f0   Data          20  main.o(.bss)
    wifi_netmask                             0x20000104   Data          20  main.o(.bss)
    time_year                                0x20000118   Data          50  main.o(.bss)
    time_m                                   0x2000014a   Data          50  main.o(.bss)
    place                                    0x2000017c   Data         100  main.o(.bss)
    place_a                                  0x200001e0   Data          50  main.o(.bss)
    place_c                                  0x20000212   Data          50  main.o(.bss)
    place_p                                  0x20000244   Data          50  main.o(.bss)
    Now_temp                                 0x20000276   Data          50  main.o(.bss)
    weather                                  0x200002a8   Data          50  main.o(.bss)
    firstWeather                             0x200002da   Data          50  main.o(.bss)
    secondWeather                            0x2000030c   Data          50  main.o(.bss)
    Today_temp                               0x2000033e   Data          50  main.o(.bss)
    Dampness                                 0x20000370   Data          50  main.o(.bss)
    USART3_TX_BUF                            0x200003a8   Data         400  usart3.o(.bss)
    USART3_RX_BUF                            0x20000538   Data         400  usart3.o(.bss)
    calendar                                 0x200006c8   Data          10  rtc.o(.bss)
    USART2_RX_BUF                            0x200006d8   Data         200  usart2.o(.bss)
    USART2_TX_BUF                            0x200007a0   Data         200  usart2.o(.bss)
    USART_RX_BUF                             0x20000868   Data         200  usart.o(.bss)
    __libspace_start                         0x20000930   Data          96  libspace.o(.bss)
    __temporary_stack_top$libspace           0x20000990   Data           0  libspace.o(.bss)



==============================================================================

Memory Map of the image

  Image Entry point : 0x08000235

  Load Region LR_1 (Base: 0x08000000, Size: 0x0000a0c4, Max: 0xffffffff, ABSOLUTE)

    Execution Region ER_RO (Exec base: 0x08000000, Load base: 0x08000000, Size: 0x0000a060, Max: 0xffffffff, ABSOLUTE)

    Exec Addr    Load Addr    Size         Type   Attr      Idx    E Section Name        Object

    0x08000000   0x08000000   0x000000ec   Data   RO         1005    RESET               startup_stm32f10x_md.o
    0x080000ec   0x080000ec   0x00000008   Code   RO         4038  * !!!main             c_w.l(__main.o)
    0x080000f4   0x080000f4   0x00000034   Code   RO         4375    !!!scatter          c_w.l(__scatter.o)
    0x08000128   0x08000128   0x0000001a   Code   RO         4377    !!handler_copy      c_w.l(__scatter_copy.o)
    0x08000142   0x08000142   0x00000002   PAD
    0x08000144   0x08000144   0x0000001c   Code   RO         4379    !!handler_zi        c_w.l(__scatter_zi.o)
    0x08000160   0x08000160   0x00000000   Code   RO         4015    .ARM.Collect$$_printf_percent$$00000000  c_w.l(_printf_percent.o)
    0x08000160   0x08000160   0x00000006   Code   RO         4122    .ARM.Collect$$_printf_percent$$00000001  c_w.l(_printf_n.o)
    0x08000166   0x08000166   0x00000006   Code   RO         4124    .ARM.Collect$$_printf_percent$$00000002  c_w.l(_printf_p.o)
    0x0800016c   0x0800016c   0x00000006   Code   RO         4128    .ARM.Collect$$_printf_percent$$00000003  c_w.l(_printf_f.o)
    0x08000172   0x08000172   0x00000006   Code   RO         4129    .ARM.Collect$$_printf_percent$$00000004  c_w.l(_printf_e.o)
    0x08000178   0x08000178   0x00000006   Code   RO         4130    .ARM.Collect$$_printf_percent$$00000005  c_w.l(_printf_g.o)
    0x0800017e   0x0800017e   0x00000006   Code   RO         4131    .ARM.Collect$$_printf_percent$$00000006  c_w.l(_printf_a.o)
    0x08000184   0x08000184   0x0000000a   Code   RO         4136    .ARM.Collect$$_printf_percent$$00000007  c_w.l(_printf_ll.o)
    0x0800018e   0x0800018e   0x00000006   Code   RO         4126    .ARM.Collect$$_printf_percent$$00000008  c_w.l(_printf_i.o)
    0x08000194   0x08000194   0x00000006   Code   RO         4014    .ARM.Collect$$_printf_percent$$00000009  c_w.l(_printf_d.o)
    0x0800019a   0x0800019a   0x00000006   Code   RO         4127    .ARM.Collect$$_printf_percent$$0000000A  c_w.l(_printf_u.o)
    0x080001a0   0x080001a0   0x00000006   Code   RO         4125    .ARM.Collect$$_printf_percent$$0000000B  c_w.l(_printf_o.o)
    0x080001a6   0x080001a6   0x00000006   Code   RO         4123    .ARM.Collect$$_printf_percent$$0000000C  c_w.l(_printf_x.o)
    0x080001ac   0x080001ac   0x00000006   Code   RO         4133    .ARM.Collect$$_printf_percent$$0000000D  c_w.l(_printf_lli.o)
    0x080001b2   0x080001b2   0x00000006   Code   RO         4134    .ARM.Collect$$_printf_percent$$0000000E  c_w.l(_printf_lld.o)
    0x080001b8   0x080001b8   0x00000006   Code   RO         4135    .ARM.Collect$$_printf_percent$$0000000F  c_w.l(_printf_llu.o)
    0x080001be   0x080001be   0x00000006   Code   RO         4140    .ARM.Collect$$_printf_percent$$00000010  c_w.l(_printf_llo.o)
    0x080001c4   0x080001c4   0x00000006   Code   RO         4141    .ARM.Collect$$_printf_percent$$00000011  c_w.l(_printf_llx.o)
    0x080001ca   0x080001ca   0x0000000a   Code   RO         4137    .ARM.Collect$$_printf_percent$$00000012  c_w.l(_printf_l.o)
    0x080001d4   0x080001d4   0x00000006   Code   RO         4121    .ARM.Collect$$_printf_percent$$00000013  c_w.l(_printf_c.o)
    0x080001da   0x080001da   0x00000006   Code   RO         4013    .ARM.Collect$$_printf_percent$$00000014  c_w.l(_printf_s.o)
    0x080001e0   0x080001e0   0x00000006   Code   RO         4138    .ARM.Collect$$_printf_percent$$00000015  c_w.l(_printf_lc.o)
    0x080001e6   0x080001e6   0x00000006   Code   RO         4139    .ARM.Collect$$_printf_percent$$00000016  c_w.l(_printf_ls.o)
    0x080001ec   0x080001ec   0x00000004   Code   RO         4132    .ARM.Collect$$_printf_percent$$00000017  c_w.l(_printf_percent_end.o)
    0x080001f0   0x080001f0   0x00000002   Code   RO         4242    .ARM.Collect$$libinit$$00000000  c_w.l(libinit.o)
    0x080001f2   0x080001f2   0x00000000   Code   RO         4256    .ARM.Collect$$libinit$$00000002  c_w.l(libinit2.o)
    0x080001f2   0x080001f2   0x00000000   Code   RO         4258    .ARM.Collect$$libinit$$00000004  c_w.l(libinit2.o)
    0x080001f2   0x080001f2   0x00000000   Code   RO         4261    .ARM.Collect$$libinit$$0000000A  c_w.l(libinit2.o)
    0x080001f2   0x080001f2   0x00000000   Code   RO         4263    .ARM.Collect$$libinit$$0000000C  c_w.l(libinit2.o)
    0x080001f2   0x080001f2   0x00000000   Code   RO         4265    .ARM.Collect$$libinit$$0000000E  c_w.l(libinit2.o)
    0x080001f2   0x080001f2   0x00000006   Code   RO         4266    .ARM.Collect$$libinit$$0000000F  c_w.l(libinit2.o)
    0x080001f8   0x080001f8   0x00000000   Code   RO         4268    .ARM.Collect$$libinit$$00000011  c_w.l(libinit2.o)
    0x080001f8   0x080001f8   0x0000000c   Code   RO         4269    .ARM.Collect$$libinit$$00000012  c_w.l(libinit2.o)
    0x08000204   0x08000204   0x00000000   Code   RO         4270    .ARM.Collect$$libinit$$00000013  c_w.l(libinit2.o)
    0x08000204   0x08000204   0x00000000   Code   RO         4272    .ARM.Collect$$libinit$$00000015  c_w.l(libinit2.o)
    0x08000204   0x08000204   0x0000000a   Code   RO         4273    .ARM.Collect$$libinit$$00000016  c_w.l(libinit2.o)
    0x0800020e   0x0800020e   0x00000000   Code   RO         4274    .ARM.Collect$$libinit$$00000017  c_w.l(libinit2.o)
    0x0800020e   0x0800020e   0x00000000   Code   RO         4276    .ARM.Collect$$libinit$$00000019  c_w.l(libinit2.o)
    0x0800020e   0x0800020e   0x00000000   Code   RO         4278    .ARM.Collect$$libinit$$0000001B  c_w.l(libinit2.o)
    0x0800020e   0x0800020e   0x00000000   Code   RO         4280    .ARM.Collect$$libinit$$0000001D  c_w.l(libinit2.o)
    0x0800020e   0x0800020e   0x00000000   Code   RO         4282    .ARM.Collect$$libinit$$0000001F  c_w.l(libinit2.o)
    0x0800020e   0x0800020e   0x00000000   Code   RO         4284    .ARM.Collect$$libinit$$00000021  c_w.l(libinit2.o)
    0x0800020e   0x0800020e   0x00000000   Code   RO         4286    .ARM.Collect$$libinit$$00000023  c_w.l(libinit2.o)
    0x0800020e   0x0800020e   0x00000000   Code   RO         4288    .ARM.Collect$$libinit$$00000025  c_w.l(libinit2.o)
    0x0800020e   0x0800020e   0x00000000   Code   RO         4292    .ARM.Collect$$libinit$$0000002C  c_w.l(libinit2.o)
    0x0800020e   0x0800020e   0x00000000   Code   RO         4294    .ARM.Collect$$libinit$$0000002E  c_w.l(libinit2.o)
    0x0800020e   0x0800020e   0x00000000   Code   RO         4296    .ARM.Collect$$libinit$$00000030  c_w.l(libinit2.o)
    0x0800020e   0x0800020e   0x00000000   Code   RO         4298    .ARM.Collect$$libinit$$00000032  c_w.l(libinit2.o)
    0x0800020e   0x0800020e   0x00000002   Code   RO         4299    .ARM.Collect$$libinit$$00000033  c_w.l(libinit2.o)
    0x08000210   0x08000210   0x00000002   Code   RO         4317    .ARM.Collect$$libshutdown$$00000000  c_w.l(libshutdown.o)
    0x08000212   0x08000212   0x00000000   Code   RO         4327    .ARM.Collect$$libshutdown$$00000002  c_w.l(libshutdown2.o)
    0x08000212   0x08000212   0x00000000   Code   RO         4329    .ARM.Collect$$libshutdown$$00000004  c_w.l(libshutdown2.o)
    0x08000212   0x08000212   0x00000000   Code   RO         4332    .ARM.Collect$$libshutdown$$00000007  c_w.l(libshutdown2.o)
    0x08000212   0x08000212   0x00000000   Code   RO         4335    .ARM.Collect$$libshutdown$$0000000A  c_w.l(libshutdown2.o)
    0x08000212   0x08000212   0x00000000   Code   RO         4337    .ARM.Collect$$libshutdown$$0000000C  c_w.l(libshutdown2.o)
    0x08000212   0x08000212   0x00000000   Code   RO         4340    .ARM.Collect$$libshutdown$$0000000F  c_w.l(libshutdown2.o)
    0x08000212   0x08000212   0x00000002   Code   RO         4341    .ARM.Collect$$libshutdown$$00000010  c_w.l(libshutdown2.o)
    0x08000214   0x08000214   0x00000000   Code   RO         4072    .ARM.Collect$$rtentry$$00000000  c_w.l(__rtentry.o)
    0x08000214   0x08000214   0x00000000   Code   RO         4164    .ARM.Collect$$rtentry$$00000002  c_w.l(__rtentry2.o)
    0x08000214   0x08000214   0x00000006   Code   RO         4176    .ARM.Collect$$rtentry$$00000004  c_w.l(__rtentry4.o)
    0x0800021a   0x0800021a   0x00000000   Code   RO         4166    .ARM.Collect$$rtentry$$00000009  c_w.l(__rtentry2.o)
    0x0800021a   0x0800021a   0x00000004   Code   RO         4167    .ARM.Collect$$rtentry$$0000000A  c_w.l(__rtentry2.o)
    0x0800021e   0x0800021e   0x00000000   Code   RO         4169    .ARM.Collect$$rtentry$$0000000C  c_w.l(__rtentry2.o)
    0x0800021e   0x0800021e   0x00000008   Code   RO         4170    .ARM.Collect$$rtentry$$0000000D  c_w.l(__rtentry2.o)
    0x08000226   0x08000226   0x00000002   Code   RO         4250    .ARM.Collect$$rtexit$$00000000  c_w.l(rtexit.o)
    0x08000228   0x08000228   0x00000000   Code   RO         4301    .ARM.Collect$$rtexit$$00000002  c_w.l(rtexit2.o)
    0x08000228   0x08000228   0x00000004   Code   RO         4302    .ARM.Collect$$rtexit$$00000003  c_w.l(rtexit2.o)
    0x0800022c   0x0800022c   0x00000006   Code   RO         4303    .ARM.Collect$$rtexit$$00000004  c_w.l(rtexit2.o)
    0x08000232   0x08000232   0x00000002   PAD
    0x08000234   0x08000234   0x00000040   Code   RO         1006  * .text               startup_stm32f10x_md.o
    0x08000274   0x08000274   0x00000002   Code   RO         3979    .text               c_w.l(use_no_semi_2.o)
    0x08000276   0x08000276   0x00000002   PAD
    0x08000278   0x08000278   0x00000024   Code   RO         3981    .text               c_w.l(c89vsprintf.o)
    0x0800029c   0x0800029c   0x00000018   Code   RO         3983    .text               c_w.l(__2printf.o)
    0x080002b4   0x080002b4   0x00000052   Code   RO         3989    .text               c_w.l(_printf_str.o)
    0x08000306   0x08000306   0x00000002   PAD
    0x08000308   0x08000308   0x00000078   Code   RO         3991    .text               c_w.l(_printf_dec.o)
    0x08000380   0x08000380   0x00000188   Code   RO         4010    .text               c_w.l(__printf_flags_ss_wp.o)
    0x08000508   0x08000508   0x0000003c   Code   RO         4016    .text               c_w.l(__0sscanf.o)
    0x08000544   0x08000544   0x0000014c   Code   RO         4018    .text               c_w.l(_scanf_int.o)
    0x08000690   0x08000690   0x00000014   Code   RO         4020    .text               c_w.l(strchr.o)
    0x080006a4   0x080006a4   0x00000024   Code   RO         4022    .text               c_w.l(strstr.o)
    0x080006c8   0x080006c8   0x0000008e   Code   RO         4024    .text               c_w.l(strlcpy.o)
    0x08000756   0x08000756   0x00000048   Code   RO         4026    .text               c_w.l(strcpy.o)
    0x0800079e   0x0800079e   0x0000003e   Code   RO         4028    .text               c_w.l(strlen.o)
    0x080007dc   0x080007dc   0x00000044   Code   RO         4030    .text               c_w.l(rt_memclr.o)
    0x08000820   0x08000820   0x00000056   Code   RO         4032    .text               c_w.l(strncpy.o)
    0x08000876   0x08000876   0x00000002   PAD
    0x08000878   0x08000878   0x00000080   Code   RO         4034    .text               c_w.l(strcmpv7m.o)
    0x080008f8   0x080008f8   0x00000006   Code   RO         4036    .text               c_w.l(heapauxi.o)
    0x080008fe   0x080008fe   0x00000002   Code   RO         4070    .text               c_w.l(use_no_semi.o)
    0x08000900   0x08000900   0x0000004e   Code   RO         4073    .text               c_w.l(_printf_pad.o)
    0x0800094e   0x0800094e   0x00000024   Code   RO         4075    .text               c_w.l(_printf_truncate.o)
    0x08000972   0x08000972   0x000000b2   Code   RO         4077    .text               c_w.l(_printf_intcommon.o)
    0x08000a24   0x08000a24   0x00000028   Code   RO         4079    .text               c_w.l(_printf_charcount.o)
    0x08000a4c   0x08000a4c   0x00000030   Code   RO         4081    .text               c_w.l(_printf_char_common.o)
    0x08000a7c   0x08000a7c   0x0000000a   Code   RO         4083    .text               c_w.l(_sputc.o)
    0x08000a86   0x08000a86   0x0000002c   Code   RO         4085    .text               c_w.l(_printf_char.o)
    0x08000ab2   0x08000ab2   0x00000002   PAD
    0x08000ab4   0x08000ab4   0x00000024   Code   RO         4087    .text               c_w.l(_printf_char_file.o)
    0x08000ad8   0x08000ad8   0x000000bc   Code   RO         4089    .text               c_w.l(_printf_wctomb.o)
    0x08000b94   0x08000b94   0x0000007c   Code   RO         4092    .text               c_w.l(_printf_longlong_dec.o)
    0x08000c10   0x08000c10   0x00000070   Code   RO         4098    .text               c_w.l(_printf_oct_int_ll.o)
    0x08000c80   0x08000c80   0x00000094   Code   RO         4118    .text               c_w.l(_printf_hex_int_ll_ptr.o)
    0x08000d14   0x08000d14   0x0000001c   Code   RO         4142    .text               c_w.l(_chval.o)
    0x08000d30   0x08000d30   0x0000002c   Code   RO         4144    .text               c_w.l(scanf_char.o)
    0x08000d5c   0x08000d5c   0x00000040   Code   RO         4146    .text               c_w.l(_sgetc.o)
    0x08000d9c   0x08000d9c   0x0000004e   Code   RO         4148    .text               c_w.l(rt_memclr_w.o)
    0x08000dea   0x08000dea   0x0000008a   Code   RO         4178    .text               c_w.l(lludiv10.o)
    0x08000e74   0x08000e74   0x00000012   Code   RO         4180    .text               c_w.l(isspace.o)
    0x08000e86   0x08000e86   0x0000041e   Code   RO         4182    .text               c_w.l(_printf_fp_dec.o)
    0x080012a4   0x080012a4   0x0000002c   Code   RO         4186    .text               c_w.l(_printf_wchar.o)
    0x080012d0   0x080012d0   0x00000374   Code   RO         4188    .text               c_w.l(_scanf.o)
    0x08001644   0x08001644   0x00000008   Code   RO         4190    .text               c_w.l(ferror.o)
    0x0800164c   0x0800164c   0x00000040   Code   RO         4194    .text               c_w.l(_wcrtomb.o)
    0x0800168c   0x0800168c   0x0000004a   Code   RO         4196    .text               c_w.l(sys_stackheap_outer.o)
    0x080016d6   0x080016d6   0x00000002   PAD
    0x080016d8   0x080016d8   0x00000010   Code   RO         4198    .text               c_w.l(rt_ctype_table.o)
    0x080016e8   0x080016e8   0x00000008   Code   RO         4203    .text               c_w.l(rt_locale_intlibspace.o)
    0x080016f0   0x080016f0   0x00000080   Code   RO         4205    .text               c_w.l(_printf_fp_infnan.o)
    0x08001770   0x08001770   0x000000e4   Code   RO         4207    .text               c_w.l(bigflt0.o)
    0x08001854   0x08001854   0x00000012   Code   RO         4235    .text               c_w.l(exit.o)
    0x08001866   0x08001866   0x00000002   PAD
    0x08001868   0x08001868   0x00000008   Code   RO         4247    .text               c_w.l(libspace.o)
    0x08001870   0x08001870   0x0000003e   Code   RO         4210    CL$$btod_d2e        c_w.l(btod.o)
    0x080018ae   0x080018ae   0x00000046   Code   RO         4212    CL$$btod_d2e_denorm_low  c_w.l(btod.o)
    0x080018f4   0x080018f4   0x00000060   Code   RO         4211    CL$$btod_d2e_norm_op1  c_w.l(btod.o)
    0x08001954   0x08001954   0x00000338   Code   RO         4220    CL$$btod_div_common  c_w.l(btod.o)
    0x08001c8c   0x08001c8c   0x000000dc   Code   RO         4217    CL$$btod_e2e        c_w.l(btod.o)
    0x08001d68   0x08001d68   0x0000002a   Code   RO         4214    CL$$btod_ediv       c_w.l(btod.o)
    0x08001d92   0x08001d92   0x0000002a   Code   RO         4213    CL$$btod_emul       c_w.l(btod.o)
    0x08001dbc   0x08001dbc   0x00000244   Code   RO         4219    CL$$btod_mult_common  c_w.l(btod.o)
    0x08002000   0x08002000   0x0000001c   Code   RO          821    i.AHT20_IcInitCmd   aht20.o
    0x0800201c   0x0800201c   0x00000058   Code   RO          822    i.AHT20_Init        aht20.o
    0x08002074   0x08002074   0x0000000c   Code   RO          823    i.AHT20_ReadBusyCmd  aht20.o
    0x08002080   0x08002080   0x0000000e   Code   RO          824    i.AHT20_ReadCalEnableCmd  aht20.o
    0x0800208e   0x0800208e   0x00000078   Code   RO          825    i.AHT20_ReadHT      aht20.o
    0x08002106   0x08002106   0x00000014   Code   RO          826    i.AHT20_ReadStatusCmd  aht20.o
    0x0800211a   0x0800211a   0x00000010   Code   RO          827    i.AHT20_SoftResetCmd  aht20.o
    0x0800212a   0x0800212a   0x0000001c   Code   RO          828    i.AHT20_TrigMeasureCmd  aht20.o
    0x08002146   0x08002146   0x00000010   Code   RO         1788    i.BKP_DeInit        stm32f10x_bkp.o
    0x08002156   0x08002156   0x00000002   PAD
    0x08002158   0x08002158   0x0000001c   Code   RO         1793    i.BKP_ReadBackupRegister  stm32f10x_bkp.o
    0x08002174   0x08002174   0x0000001c   Code   RO         1797    i.BKP_WriteBackupRegister  stm32f10x_bkp.o
    0x08002190   0x08002190   0x00000004   Code   RO          195    i.BusFault_Handler  stm32f10x_it.o
    0x08002194   0x08002194   0x00000002   Code   RO          196    i.DebugMon_Handler  stm32f10x_it.o
    0x08002196   0x08002196   0x00000116   Code   RO         1052    i.GPIO_Init         stm32f10x_gpio.o
    0x080022ac   0x080022ac   0x00000012   Code   RO         1056    i.GPIO_ReadInputDataBit  stm32f10x_gpio.o
    0x080022be   0x080022be   0x00000004   Code   RO         1059    i.GPIO_ResetBits    stm32f10x_gpio.o
    0x080022c2   0x080022c2   0x00000004   Code   RO         1060    i.GPIO_SetBits      stm32f10x_gpio.o
    0x080022c6   0x080022c6   0x00000004   Code   RO          197    i.HardFault_Handler  stm32f10x_it.o
    0x080022ca   0x080022ca   0x00000002   PAD
    0x080022cc   0x080022cc   0x00000050   Code   RO          755    i.IIC_Ack           myiic.o
    0x0800231c   0x0800231c   0x00000038   Code   RO          756    i.IIC_Init          myiic.o
    0x08002354   0x08002354   0x00000050   Code   RO          757    i.IIC_NAck          myiic.o
    0x080023a4   0x080023a4   0x00000070   Code   RO          758    i.IIC_Read_Byte     myiic.o
    0x08002414   0x08002414   0x00000068   Code   RO          759    i.IIC_Send_Byte     myiic.o
    0x0800247c   0x0800247c   0x0000004c   Code   RO          760    i.IIC_Start         myiic.o
    0x080024c8   0x080024c8   0x00000044   Code   RO          761    i.IIC_Stop          myiic.o
    0x0800250c   0x0800250c   0x00000064   Code   RO          762    i.IIC_Wait_Ack      myiic.o
    0x08002570   0x08002570   0x000000c0   Code   RO            1    i.Init              main.o
    0x08002630   0x08002630   0x0000003a   Code   RO          656    i.Is_Leap_Year      rtc.o
    0x0800266a   0x0800266a   0x0000001e   Code   RO            2    i.KEY               main.o
    0x08002688   0x08002688   0x0000002c   Code   RO          878    i.KEY_Init          key.o
    0x080026b4   0x080026b4   0x0000003a   Code   RO          456    i.LCD_Address_Set   lcd_init.o
    0x080026ee   0x080026ee   0x0000001c   Code   RO          350    i.LCD_DrawPoint     lcd.o
    0x0800270a   0x0800270a   0x0000004a   Code   RO          352    i.LCD_Fill          lcd.o
    0x08002754   0x08002754   0x00000034   Code   RO          457    i.LCD_GPIO_Init     lcd_init.o
    0x08002788   0x08002788   0x000001f8   Code   RO          458    i.LCD_Init          lcd_init.o
    0x08002980   0x08002980   0x00000158   Code   RO          353    i.LCD_ShowChar      lcd.o
    0x08002ad8   0x08002ad8   0x0000008c   Code   RO          354    i.LCD_ShowChinese   lcd.o
    0x08002b64   0x08002b64   0x00000148   Code   RO          355    i.LCD_ShowChinese12x12  lcd.o
    0x08002cac   0x08002cac   0x00000138   Code   RO          356    i.LCD_ShowChinese16x16  lcd.o
    0x08002de4   0x08002de4   0x00000148   Code   RO          357    i.LCD_ShowChinese24x24  lcd.o
    0x08002f2c   0x08002f2c   0x00000138   Code   RO          358    i.LCD_ShowChinese32x32  lcd.o
    0x08003064   0x08003064   0x00000096   Code   RO          360    i.LCD_ShowIntNum    lcd.o
    0x080030fa   0x080030fa   0x00000042   Code   RO          362    i.LCD_ShowString    lcd.o
    0x0800313c   0x0800313c   0x00000012   Code   RO          459    i.LCD_WR_DATA       lcd_init.o
    0x0800314e   0x0800314e   0x0000000c   Code   RO          460    i.LCD_WR_DATA8      lcd_init.o
    0x0800315a   0x0800315a   0x00000002   PAD
    0x0800315c   0x0800315c   0x00000020   Code   RO          461    i.LCD_WR_REG        lcd_init.o
    0x0800317c   0x0800317c   0x00000054   Code   RO          462    i.LCD_Writ_Bus      lcd_init.o
    0x080031d0   0x080031d0   0x000002e8   Code   RO            3    i.LCD_display       main.o
    0x080034b8   0x080034b8   0x00000058   Code   RO          336    i.LED_Init          led.o
    0x08003510   0x08003510   0x00000004   Code   RO          198    i.MemManage_Handler  stm32f10x_it.o
    0x08003514   0x08003514   0x00000002   Code   RO          199    i.NMI_Handler       stm32f10x_it.o
    0x08003516   0x08003516   0x00000002   PAD
    0x08003518   0x08003518   0x00000070   Code   RO         1010    i.NVIC_Init         misc.o
    0x08003588   0x08003588   0x00000014   Code   RO         1011    i.NVIC_PriorityGroupConfig  misc.o
    0x0800359c   0x0800359c   0x0000000c   Code   RO         2895    i.PWR_BackupAccessCmd  stm32f10x_pwr.o
    0x080035a8   0x080035a8   0x00000002   Code   RO          200    i.PendSV_Handler    stm32f10x_it.o
    0x080035aa   0x080035aa   0x00000002   PAD
    0x080035ac   0x080035ac   0x00000020   Code   RO         1186    i.RCC_APB1PeriphClockCmd  stm32f10x_rcc.o
    0x080035cc   0x080035cc   0x00000020   Code   RO         1187    i.RCC_APB1PeriphResetCmd  stm32f10x_rcc.o
    0x080035ec   0x080035ec   0x00000020   Code   RO         1188    i.RCC_APB2PeriphClockCmd  stm32f10x_rcc.o
    0x0800360c   0x0800360c   0x00000020   Code   RO         1189    i.RCC_APB2PeriphResetCmd  stm32f10x_rcc.o
    0x0800362c   0x0800362c   0x0000000c   Code   RO         1191    i.RCC_BackupResetCmd  stm32f10x_rcc.o
    0x08003638   0x08003638   0x000000d4   Code   RO         1196    i.RCC_GetClocksFreq  stm32f10x_rcc.o
    0x0800370c   0x0800370c   0x0000003c   Code   RO         1197    i.RCC_GetFlagStatus  stm32f10x_rcc.o
    0x08003748   0x08003748   0x00000034   Code   RO         1204    i.RCC_LSEConfig     stm32f10x_rcc.o
    0x0800377c   0x0800377c   0x0000000c   Code   RO         1211    i.RCC_RTCCLKCmd     stm32f10x_rcc.o
    0x08003788   0x08003788   0x00000010   Code   RO         1212    i.RCC_RTCCLKConfig  stm32f10x_rcc.o
    0x08003798   0x08003798   0x00000010   Code   RO         2956    i.RTC_ClearITPendingBit  stm32f10x_rtc.o
    0x080037a8   0x080037a8   0x00000014   Code   RO         2957    i.RTC_EnterConfigMode  stm32f10x_rtc.o
    0x080037bc   0x080037bc   0x00000014   Code   RO         2958    i.RTC_ExitConfigMode  stm32f10x_rtc.o
    0x080037d0   0x080037d0   0x00000138   Code   RO          658    i.RTC_Get           rtc.o
    0x08003908   0x08003908   0x00000014   Code   RO         2959    i.RTC_GetCounter    stm32f10x_rtc.o
    0x0800391c   0x0800391c   0x00000024   Code   RO         2962    i.RTC_GetITStatus   stm32f10x_rtc.o
    0x08003940   0x08003940   0x0000002c   Code   RO          660    i.RTC_IRQHandler    rtc.o
    0x0800396c   0x0800396c   0x00000020   Code   RO         2963    i.RTC_ITConfig      stm32f10x_rtc.o
    0x0800398c   0x0800398c   0x000000ca   Code   RO          661    i.RTC_Init          rtc.o
    0x08003a56   0x08003a56   0x00000020   Code   RO          662    i.RTC_NVIC_Config   rtc.o
    0x08003a76   0x08003a76   0x00000002   PAD
    0x08003a78   0x08003a78   0x000000c8   Code   RO          663    i.RTC_Set           rtc.o
    0x08003b40   0x08003b40   0x0000001c   Code   RO         2965    i.RTC_SetCounter    stm32f10x_rtc.o
    0x08003b5c   0x08003b5c   0x00000020   Code   RO         2966    i.RTC_SetPrescaler  stm32f10x_rtc.o
    0x08003b7c   0x08003b7c   0x00000014   Code   RO         2967    i.RTC_WaitForLastTask  stm32f10x_rtc.o
    0x08003b90   0x08003b90   0x00000024   Code   RO         2968    i.RTC_WaitForSynchro  stm32f10x_rtc.o
    0x08003bb4   0x08003bb4   0x00000002   Code   RO          201    i.SVC_Handler       stm32f10x_it.o
    0x08003bb6   0x08003bb6   0x00000008   Code   RO          284    i.SetSysClock       system_stm32f10x.o
    0x08003bbe   0x08003bbe   0x00000002   PAD
    0x08003bc0   0x08003bc0   0x000000e0   Code   RO          285    i.SetSysClockTo72   system_stm32f10x.o
    0x08003ca0   0x08003ca0   0x00000074   Code   RO          763    i.Soft_I2C_Read     myiic.o
    0x08003d14   0x08003d14   0x00000060   Code   RO          764    i.Soft_I2C_Write    myiic.o
    0x08003d74   0x08003d74   0x000000c0   Code   RO          829    i.StandardUnitCon   aht20.o
    0x08003e34   0x08003e34   0x00000028   Code   RO         1014    i.SysTick_CLKSourceConfig  misc.o
    0x08003e5c   0x08003e5c   0x00000002   Code   RO          202    i.SysTick_Handler   stm32f10x_it.o
    0x08003e5e   0x08003e5e   0x00000002   PAD
    0x08003e60   0x08003e60   0x00000060   Code   RO          287    i.SystemInit        system_stm32f10x.o
    0x08003ec0   0x08003ec0   0x000003d4   Code   RO          600    i.TIM2_IRQHandler   timer.o
    0x08004294   0x08004294   0x00000066   Code   RO          601    i.TIM2_Int_Init     timer.o
    0x080042fa   0x080042fa   0x00000002   PAD
    0x080042fc   0x080042fc   0x00000034   Code   RO          602    i.TIM3_IRQHandler   timer.o
    0x08004330   0x08004330   0x00000054   Code   RO          603    i.TIM3_Int_Init     timer.o
    0x08004384   0x08004384   0x00000074   Code   RO          604    i.TIM4_IRQHandler   timer.o
    0x080043f8   0x080043f8   0x00000068   Code   RO          605    i.TIM4_Int_Init     timer.o
    0x08004460   0x08004460   0x00000006   Code   RO         3386    i.TIM_ClearITPendingBit  stm32f10x_tim.o
    0x08004466   0x08004466   0x00000018   Code   RO         3391    i.TIM_Cmd           stm32f10x_tim.o
    0x0800447e   0x0800447e   0x00000022   Code   RO         3412    i.TIM_GetITStatus   stm32f10x_tim.o
    0x080044a0   0x080044a0   0x00000012   Code   RO         3416    i.TIM_ITConfig      stm32f10x_tim.o
    0x080044b2   0x080044b2   0x00000004   Code   RO         3456    i.TIM_SetCounter    stm32f10x_tim.o
    0x080044b6   0x080044b6   0x00000002   PAD
    0x080044b8   0x080044b8   0x000000a4   Code   RO         3462    i.TIM_TimeBaseInit  stm32f10x_tim.o
    0x0800455c   0x0800455c   0x00000088   Code   RO          952    i.USART1_IRQHandler  usart.o
    0x080045e4   0x080045e4   0x00000088   Code   RO          718    i.USART2_IRQHandler  usart2.o
    0x0800466c   0x0800466c   0x00000030   Code   RO          719    i.USART2_SendData   usart2.o
    0x0800469c   0x0800469c   0x00000070   Code   RO          504    i.USART3_IRQHandler  usart3.o
    0x0800470c   0x0800470c   0x00000018   Code   RO         1388    i.USART_Cmd         stm32f10x_usart.o
    0x08004724   0x08004724   0x0000009c   Code   RO         1390    i.USART_DeInit      stm32f10x_usart.o
    0x080047c0   0x080047c0   0x0000001a   Code   RO         1391    i.USART_GetFlagStatus  stm32f10x_usart.o
    0x080047da   0x080047da   0x00000054   Code   RO         1392    i.USART_GetITStatus  stm32f10x_usart.o
    0x0800482e   0x0800482e   0x0000004a   Code   RO         1394    i.USART_ITConfig    stm32f10x_usart.o
    0x08004878   0x08004878   0x000000d8   Code   RO         1395    i.USART_Init        stm32f10x_usart.o
    0x08004950   0x08004950   0x0000000a   Code   RO         1402    i.USART_ReceiveData  stm32f10x_usart.o
    0x0800495a   0x0800495a   0x00000008   Code   RO         1405    i.USART_SendData    stm32f10x_usart.o
    0x08004962   0x08004962   0x00000004   Code   RO          203    i.UsageFault_Handler  stm32f10x_it.o
    0x08004966   0x08004966   0x00000028   Code   RO         4245    i.__ARM_fpclassify  m_ws.l(fpclassify.o)
    0x0800498e   0x0800498e   0x0000000e   Code   RO         4003    i._is_digit         c_w.l(__printf_wp.o)
    0x0800499c   0x0800499c   0x00000006   Code   RO          953    i._sys_exit         usart.o
    0x080049a2   0x080049a2   0x00000002   PAD
    0x080049a4   0x080049a4   0x00000034   Code   RO          556    i.atk_8266_check_cmd  common.o
    0x080049d8   0x080049d8   0x00000060   Code   RO          557    i.atk_8266_send_cmd  common.o
    0x08004a38   0x08004a38   0x000002d4   Code   RO          560    i.connectwifi2      common.o
    0x08004d0c   0x08004d0c   0x00000044   Code   RO          897    i.delay_init        delay.o
    0x08004d50   0x08004d50   0x0000004c   Code   RO          898    i.delay_ms          delay.o
    0x08004d9c   0x08004d9c   0x0000004c   Code   RO          899    i.delay_us          delay.o
    0x08004de8   0x08004de8   0x0000001c   Code   RO          954    i.fputc             usart.o
    0x08004e04   0x08004e04   0x00000054   Code   RO          879    i.key_scanf         key.o
    0x08004e58   0x08004e58   0x00000140   Code   RO            4    i.main              main.o
    0x08004f98   0x08004f98   0x00000016   Code   RO          363    i.mypow             lcd.o
    0x08004fae   0x08004fae   0x00000002   PAD
    0x08004fb0   0x08004fb0   0x0000004c   Code   RO          505    i.res_data          usart3.o
    0x08004ffc   0x08004ffc   0x00000050   Code   RO          506    i.u3_printf         usart3.o
    0x0800504c   0x0800504c   0x000000a4   Code   RO          721    i.uart2_init        usart2.o
    0x080050f0   0x080050f0   0x000000a0   Code   RO          955    i.uart_init         usart.o
    0x08005190   0x08005190   0x000000d0   Code   RO          507    i.usart3_init       usart3.o
    0x08005260   0x08005260   0x000003d8   Code   RO            5    i.wifi_cmd          main.o
    0x08005638   0x08005638   0x0000002c   Code   RO         4233    locale$$code        c_w.l(lc_numeric_c.o)
    0x08005664   0x08005664   0x0000002c   Code   RO         4253    locale$$code        c_w.l(lc_ctype_c.o)
    0x08005690   0x08005690   0x00000062   Code   RO         4040    x$fpl$d2f           fz_ws.l(d2f.o)
    0x080056f2   0x080056f2   0x00000002   PAD
    0x080056f4   0x080056f4   0x00000150   Code   RO         4042    x$fpl$dadd          fz_ws.l(daddsub_clz.o)
    0x08005844   0x08005844   0x000002b0   Code   RO         4049    x$fpl$ddiv          fz_ws.l(ddiv.o)
    0x08005af4   0x08005af4   0x00000026   Code   RO         4052    x$fpl$dfltu         fz_ws.l(dflt_clz.o)
    0x08005b1a   0x08005b1a   0x00000002   PAD
    0x08005b1c   0x08005b1c   0x00000154   Code   RO         4058    x$fpl$dmul          fz_ws.l(dmul.o)
    0x08005c70   0x08005c70   0x0000009c   Code   RO         4150    x$fpl$dnaninf       fz_ws.l(dnaninf.o)
    0x08005d0c   0x08005d0c   0x0000000c   Code   RO         4152    x$fpl$dretinf       fz_ws.l(dretinf.o)
    0x08005d18   0x08005d18   0x000001d4   Code   RO         4044    x$fpl$dsub          fz_ws.l(daddsub_clz.o)
    0x08005eec   0x08005eec   0x00000018   Code   RO         4154    x$fpl$fcmpinf       fz_ws.l(fcmpi.o)
    0x08005f04   0x08005f04   0x0000003e   Code   RO         4060    x$fpl$ffixu         fz_ws.l(ffixu.o)
    0x08005f42   0x08005f42   0x00000002   PAD
    0x08005f44   0x08005f44   0x00000068   Code   RO         4064    x$fpl$fleqf         fz_ws.l(fleqf.o)
    0x08005fac   0x08005fac   0x0000008c   Code   RO         4156    x$fpl$fnaninf       fz_ws.l(fnaninf.o)
    0x08006038   0x08006038   0x0000000a   Code   RO         4158    x$fpl$fretinf       fz_ws.l(fretinf.o)
    0x08006042   0x08006042   0x00000062   Code   RO         4068    x$fpl$frleqf        fz_ws.l(frleqf.o)
    0x080060a4   0x080060a4   0x00000004   Code   RO         4160    x$fpl$printf1       fz_ws.l(printf1.o)
    0x080060a8   0x080060a8   0x00000000   Code   RO         4162    x$fpl$usenofp       fz_ws.l(usenofp.o)
    0x080060a8   0x080060a8   0x00003d7e   Data   RO          364    .constdata          lcd.o
    0x08009e26   0x08009e26   0x00000018   Data   RO          665    .constdata          rtc.o
    0x08009e3e   0x08009e3e   0x00000011   Data   RO         4011    .constdata          c_w.l(__printf_flags_ss_wp.o)
    0x08009e4f   0x08009e4f   0x00000001   PAD
    0x08009e50   0x08009e50   0x00000008   Data   RO         4090    .constdata          c_w.l(_printf_wctomb.o)
    0x08009e58   0x08009e58   0x00000028   Data   RO         4119    .constdata          c_w.l(_printf_hex_int_ll_ptr.o)
    0x08009e80   0x08009e80   0x00000094   Data   RO         4208    .constdata          c_w.l(bigflt0.o)
    0x08009f14   0x08009f14   0x00000020   Data   RO         4373    Region$$Table       anon$$obj.o
    0x08009f34   0x08009f34   0x0000001c   Data   RO         4232    locale$$data        c_w.l(lc_numeric_c.o)
    0x08009f50   0x08009f50   0x00000110   Data   RO         4252    locale$$data        c_w.l(lc_ctype_c.o)


    Execution Region ER_RW (Exec base: 0x20000000, Load base: 0x0800a060, Size: 0x00000064, Max: 0xffffffff, ABSOLUTE)

    Exec Addr    Load Addr    Size         Type   Attr      Idx    E Section Name        Object

    0x20000000   0x0800a060   0x00000014   Data   RW          288    .data               system_stm32f10x.o
    0x20000014   0x0800a074   0x00000002   Data   RW          509    .data               usart3.o
    0x20000016   0x0800a076   0x00000002   PAD
    0x20000018   0x0800a078   0x00000009   Data   RW          561    .data               common.o
    0x20000021   0x0800a081   0x00000003   Data   RW          606    .data               timer.o
    0x20000024   0x0800a084   0x0000001a   Data   RW          666    .data               rtc.o
    0x2000003e   0x0800a09e   0x00000002   Data   RW          723    .data               usart2.o
    0x20000040   0x0800a0a0   0x00000001   Data   RW          880    .data               key.o
    0x20000041   0x0800a0a1   0x00000001   PAD
    0x20000042   0x0800a0a2   0x00000004   Data   RW          900    .data               delay.o
    0x20000046   0x0800a0a6   0x00000002   PAD
    0x20000048   0x0800a0a8   0x00000006   Data   RW          957    .data               usart.o
    0x2000004e   0x0800a0ae   0x00000014   Data   RW         1216    .data               stm32f10x_rcc.o


    Execution Region ER_ZI (Exec base: 0x20000064, Load base: 0x0800a0c4, Size: 0x00000f2c, Max: 0xffffffff, ABSOLUTE)

    Exec Addr    Load Addr    Size         Type   Attr      Idx    E Section Name        Object

    0x20000064        -       0x0000033e   Zero   RW            6    .bss                main.o
    0x200003a2   0x0800a0c4   0x00000006   PAD
    0x200003a8        -       0x00000320   Zero   RW          508    .bss                usart3.o
    0x200006c8        -       0x0000000a   Zero   RW          664    .bss                rtc.o
    0x200006d2   0x0800a0c4   0x00000006   PAD
    0x200006d8        -       0x00000190   Zero   RW          722    .bss                usart2.o
    0x20000868        -       0x000000c8   Zero   RW          956    .bss                usart.o
    0x20000930        -       0x00000060   Zero   RW         4248    .bss                c_w.l(libspace.o)
    0x20000990        -       0x00000200   Zero   RW         1004    HEAP                startup_stm32f10x_md.o
    0x20000b90        -       0x00000400   Zero   RW         1003    STACK               startup_stm32f10x_md.o


==============================================================================

Image component sizes


      Code (inc. data)   RO Data    RW Data    ZI Data      Debug   Object Name

       518         30          0          0          0       5546   aht20.o
       872        250          0          9          0       2952   common.o
       220         26          0          4          0       1675   delay.o
       128         16          0          1          0       1071   key.o
      2104         40      15742          0          0      11164   lcd.o
       760         20          0          0          0       4002   lcd_init.o
        88          4          0          0          0        499   led.o
      2270        456          0          0        830     256267   main.o
       172         22          0          0          0       2013   misc.o
       888        100          0          0          0       5763   myiic.o
       848         40         24         26         10       5397   rtc.o
        64         26        236          0       1536        796   startup_stm32f10x_md.o
        72         10          0          0          0       2640   stm32f10x_bkp.o
       304          0          0          0          0       3604   stm32f10x_gpio.o
        26          0          0          0          0       3606   stm32f10x_it.o
        12          6          0          0          0        498   stm32f10x_pwr.o
       492         70          0         20          0       8172   stm32f10x_rcc.o
       260         48          0          0          0       5048   stm32f10x_rtc.o
       250         42          0          0          0       4007   stm32f10x_tim.o
       598         28          0          0          0       6684   stm32f10x_usart.o
         0          0          0          0          0         32   sys.o
       328         28          0         20          0       2037   system_stm32f10x.o
      1438        106          0          3          0       4223   timer.o
       330         26          0          6        200       4104   usart.o
       348         28          0          2        400       2643   usart2.o
       476         56          0          2        800       3761   usart3.o

    ----------------------------------------------------------------------
     13890       1478      16034        100       3788     348204   Object Totals
         0          0         32          0          0          0   (incl. Generated)
        24          0          0          7         12          0   (incl. Padding)

    ----------------------------------------------------------------------

      Code (inc. data)   RO Data    RW Data    ZI Data      Debug   Library Member Name

        60          8          0          0          0         84   __0sscanf.o
        24          4          0          0          0         84   __2printf.o
         8          0          0          0          0         68   __main.o
       392          4         17          0          0         92   __printf_flags_ss_wp.o
        14          0          0          0          0         68   __printf_wp.o
         0          0          0          0          0          0   __rtentry.o
        12          0          0          0          0          0   __rtentry2.o
         6          0          0          0          0          0   __rtentry4.o
        52          8          0          0          0          0   __scatter.o
        26          0          0          0          0          0   __scatter_copy.o
        28          0          0          0          0          0   __scatter_zi.o
        28          0          0          0          0         68   _chval.o
         6          0          0          0          0          0   _printf_a.o
         6          0          0          0          0          0   _printf_c.o
        44          0          0          0          0        108   _printf_char.o
        48          6          0          0          0         96   _printf_char_common.o
        36          4          0          0          0         80   _printf_char_file.o
        40          0          0          0          0         68   _printf_charcount.o
         6          0          0          0          0          0   _printf_d.o
       120         16          0          0          0         92   _printf_dec.o
         6          0          0          0          0          0   _printf_e.o
         6          0          0          0          0          0   _printf_f.o
      1054          0          0          0          0        216   _printf_fp_dec.o
       128         16          0          0          0         84   _printf_fp_infnan.o
         6          0          0          0          0          0   _printf_g.o
       148          4         40          0          0        160   _printf_hex_int_ll_ptr.o
         6          0          0          0          0          0   _printf_i.o
       178          0          0          0          0         88   _printf_intcommon.o
        10          0          0          0          0          0   _printf_l.o
         6          0          0          0          0          0   _printf_lc.o
        10          0          0          0          0          0   _printf_ll.o
         6          0          0          0          0          0   _printf_lld.o
         6          0          0          0          0          0   _printf_lli.o
         6          0          0          0          0          0   _printf_llo.o
         6          0          0          0          0          0   _printf_llu.o
         6          0          0          0          0          0   _printf_llx.o
       124         16          0          0          0         92   _printf_longlong_dec.o
         6          0          0          0          0          0   _printf_ls.o
         6          0          0          0          0          0   _printf_n.o
         6          0          0          0          0          0   _printf_o.o
       112         10          0          0          0        124   _printf_oct_int_ll.o
         6          0          0          0          0          0   _printf_p.o
        78          0          0          0          0        108   _printf_pad.o
         0          0          0          0          0          0   _printf_percent.o
         4          0          0          0          0          0   _printf_percent_end.o
         6          0          0          0          0          0   _printf_s.o
        82          0          0          0          0         80   _printf_str.o
        36          0          0          0          0         84   _printf_truncate.o
         6          0          0          0          0          0   _printf_u.o
        44          0          0          0          0        108   _printf_wchar.o
       188          6          8          0          0         92   _printf_wctomb.o
         6          0          0          0          0          0   _printf_x.o
       884          6          0          0          0        100   _scanf.o
       332          0          0          0          0         96   _scanf_int.o
        64          0          0          0          0         84   _sgetc.o
        10          0          0          0          0         68   _sputc.o
        64          0          0          0          0         92   _wcrtomb.o
       228          4        148          0          0         96   bigflt0.o
      1936        128          0          0          0        672   btod.o
        36          4          0          0          0         76   c89vsprintf.o
        18          0          0          0          0         80   exit.o
         8          0          0          0          0         68   ferror.o
         6          0          0          0          0        152   heapauxi.o
        18          0          0          0          0         76   isspace.o
        44         10        272          0          0         76   lc_ctype_c.o
        44         10         28          0          0         76   lc_numeric_c.o
         2          0          0          0          0          0   libinit.o
        30          0          0          0          0          0   libinit2.o
         2          0          0          0          0          0   libshutdown.o
         2          0          0          0          0          0   libshutdown2.o
         8          4          0          0         96         68   libspace.o
       138          0          0          0          0         80   lludiv10.o
        16          4          0          0          0         76   rt_ctype_table.o
         8          4          0          0          0         68   rt_locale_intlibspace.o
        68          0          0          0          0         68   rt_memclr.o
        78          0          0          0          0         80   rt_memclr_w.o
         2          0          0          0          0          0   rtexit.o
        10          0          0          0          0          0   rtexit2.o
        44          8          0          0          0         84   scanf_char.o
        20          0          0          0          0         68   strchr.o
       128          0          0          0          0         68   strcmpv7m.o
        72          0          0          0          0         80   strcpy.o
       142          0          0          0          0         84   strlcpy.o
        62          0          0          0          0         76   strlen.o
        86          0          0          0          0         76   strncpy.o
        36          0          0          0          0         80   strstr.o
        74          0          0          0          0         80   sys_stackheap_outer.o
         2          0          0          0          0         68   use_no_semi.o
         2          0          0          0          0         68   use_no_semi_2.o
        98          4          0          0          0         92   d2f.o
       804         16          0          0          0        272   daddsub_clz.o
       688        140          0          0          0        208   ddiv.o
        38          0          0          0          0         68   dflt_clz.o
       340         12          0          0          0        104   dmul.o
       156          4          0          0          0         92   dnaninf.o
        12          0          0          0          0         68   dretinf.o
        24          0          0          0          0         68   fcmpi.o
        62          4          0          0          0         84   ffixu.o
       104          4          0          0          0         84   fleqf.o
       140          4          0          0          0         84   fnaninf.o
        10          0          0          0          0         68   fretinf.o
        98          0          0          0          0         68   frleqf.o
         4          0          0          0          0         68   printf1.o
         0          0          0          0          0          0   usenofp.o
        40          0          0          0          0         68   fpclassify.o

    ----------------------------------------------------------------------
     10618        472        514          0         96       6724   Library Totals
        22          0          1          0          0          0   (incl. Padding)

    ----------------------------------------------------------------------

      Code (inc. data)   RO Data    RW Data    ZI Data      Debug   Library Name

      7978        284        513          0         96       5228   c_w.l
      2578        188          0          0          0       1428   fz_ws.l
        40          0          0          0          0         68   m_ws.l

    ----------------------------------------------------------------------
     10618        472        514          0         96       6724   Library Totals

    ----------------------------------------------------------------------

==============================================================================


      Code (inc. data)   RO Data    RW Data    ZI Data      Debug   

     24508       1950      16548        100       3884     344628   Grand Totals
     24508       1950      16548        100       3884     344628   ELF Image Totals
     24508       1950      16548        100          0          0   ROM Totals

==============================================================================

    Total RO  Size (Code + RO Data)                41056 (  40.09kB)
    Total RW  Size (RW Data + ZI Data)              3984 (   3.89kB)
    Total ROM Size (Code + RO Data + RW Data)      41156 (  40.19kB)

==============================================================================

